153.146.195.3 - - [23/Jan/2018:09:00:13 +0000] "GET /media/system/js/mootools-more.js HTTP/1.1" 200 238331 "http://www.cert.rcts.pt/" "Mozilla/5.0 (Macintosh; Intel Mac OS X 10_13_2) AppleWebKit/604.4.7 (KHTML, like Gecko) Version/11.0.2 Safari/604.4.7"
153.146.195.3 - - [23/Jan/2018:09:00:13 +0000] "GET /images/TI-Certified_120x120.jpg HTTP/1.1" 200 7510 "http://www.cert.rcts.pt/" "Mozilla/5.0 (Macintosh; Intel Mac OS X 10_13_2) AppleWebKit/604.4.7 (KHTML, like Gecko) Version/11.0.2 Safari/604.4.7"
153.146.195.3 - - [23/Jan/2018:09:00:13 +0000] "GET /images/cert_rcts_cor-1.png HTTP/1.1" 200 27466 "http://www.cert.rcts.pt/" "Mozilla/5.0 (Macintosh; Intel Mac OS X 10_13_2) AppleWebKit/604.4.7 (KHTML, like Gecko) Version/11.0.2 Safari/604.4.7"
153.146.195.3 - - [23/Jan/2018:09:00:13 +0000] "GET /media/system/images/printButton.png HTTP/1.1" 200 228 "http://www.cert.rcts.pt/" "Mozilla/5.0 (Macintosh; Intel Mac OS X 10_13_2) AppleWebKit/604.4.7 (KHTML, like Gecko) Version/11.0.2 Safari/604.4.7"
153.146.195.3 - - [23/Jan/2018:09:00:13 +0000] "GET /images/logo-fccn_201701.png HTTP/1.1" 200 10121 "http://www.cert.rcts.pt/" "Mozilla/5.0 (Macintosh; Intel Mac OS X 10_13_2) AppleWebKit/604.4.7 (KHTML, like Gecko) Version/11.0.2 Safari/604.4.7"
153.146.195.3 - - [23/Jan/2018:09:00:13 +0000] "GET /images/logo_republica_portuguesa_CTES.png HTTP/1.1" 200 9236 "http://www.cert.rcts.pt/" "Mozilla/5.0 (Macintosh; Intel Mac OS X 10_13_2) AppleWebKit/604.4.7 (KHTML, like Gecko) Version/11.0.2 Safari/604.4.7"
153.146.195.3 - - [23/Jan/2018:09:00:13 +0000] "GET /images/first-logo-home.png HTTP/1.1" 200 2290 "http://www.cert.rcts.pt/" "Mozilla/5.0 (Macintosh; Intel Mac OS X 10_13_2) AppleWebKit/604.4.7 (KHTML, like Gecko) Version/11.0.2 Safari/604.4.7"
153.146.195.3 - - [23/Jan/2018:09:00:14 +0000] "GET /templates/beez_20/images/nature/header11.jpg HTTP/1.1" 404 324 "http://www.cert.rcts.pt/" "Mozilla/5.0 (Macintosh; Intel Mac OS X 10_13_2) AppleWebKit/604.4.7 (KHTML, like Gecko) Version/11.0.2 Safari/604.4.7"
153.146.195.3 - - [23/Jan/2018:09:00:14 +0000] "GET /templates/beez_20/images/nature/headingback.png HTTP/1.1" 200 112 "http://www.cert.rcts.pt/" "Mozilla/5.0 (Macintosh; Intel Mac OS X 10_13_2) AppleWebKit/604.4.7 (KHTML, like Gecko) Version/11.0.2 Safari/604.4.7"
153.146.195.3 - - [23/Jan/2018:09:00:14 +0000] "GET /templates/beez_20/images/nature/karo.gif HTTP/1.1" 200 45 "http://www.cert.rcts.pt/" "Mozilla/5.0 (Macintosh; Intel Mac OS X 10_13_2) AppleWebKit/604.4.7 (KHTML, like Gecko) Version/11.0.2 Safari/604.4.7"
153.146.195.3 - - [23/Jan/2018:09:00:14 +0000] "GET /templates/beez_20/images/nature/box1.png HTTP/1.1" 200 157 "http://www.cert.rcts.pt/" "Mozilla/5.0 (Macintosh; Intel Mac OS X 10_13_2) AppleWebKit/604.4.7 (KHTML, like Gecko) Version/11.0.2 Safari/604.4.7"
153.146.195.3 - - [23/Jan/2018:09:00:14 +0000] "GET /templates/beez_20/fonts/TitilliumMaps29L002.otf HTTP/1.1" 200 47984 "http://www.cert.rcts.pt/" "Mozilla/5.0 (Macintosh; Intel Mac OS X 10_13_2) AppleWebKit/604.4.7 (KHTML, like Gecko) Version/11.0.2 Safari/604.4.7"
153.146.195.3 - - [23/Jan/2018:09:00:14 +0000] "GET /templates/beez_20/favicon.ico HTTP/1.1" 200 32988 "http://www.cert.rcts.pt/" "Mozilla/5.0 (Macintosh; Intel Mac OS X 10_13_2) AppleWebKit/604.4.7 (KHTML, like Gecko) Version/11.0.2 Safari/604.4.7"
153.146.195.3 - - [23/Jan/2018:09:00:14 +0000] "GET /apple-touch-icon-precomposed.png HTTP/1.1" 404 312 "-" "Safari/13604.4.7.1.6 CFNetwork/893.13.1 Darwin/17.3.0 (x86_64)"
153.146.195.3 - - [23/Jan/2018:09:00:14 +0000] "GET /apple-touch-icon.png HTTP/1.1" 404 300 "-" "Safari/13604.4.7.1.6 CFNetwork/893.13.1 Darwin/17.3.0 (x86_64)"
54.36.148.178 - - [23/Jan/2018:09:01:56 +0000] "GET /index.php/servicos/tratamento-de-incidentes/15-institucional/missao HTTP/1.1" 200 18061 "-" "Mozilla/5.0 (compatible; AhrefsBot/5.2; +http://ahrefs.com/robot/)"
185.105.48.2 - - [23/Jan/2018:09:04:18 +0000] "GET / HTTP/1.1" 200 13833 "-" "check_http/v2.2.1 (gurustuff-plugins 2.1)"
185.105.48.2 - - [23/Jan/2018:09:09:18 +0000] "GET / HTTP/1.1" 200 13833 "-" "check_http/v2.2.1 (gurustuff-plugins 2.1)"
153.146.195.3 - - [23/Jan/2018:09:13:12 +0000] "GET /templates/beez_20/images/nav_level_1.gif HTTP/1.1" 200 223 "http://www.cert.rcts.pt/" "Mozilla/5.0 (Macintosh; Intel Mac OS X 10_13_2) AppleWebKit/604.4.7 (KHTML, like Gecko) Version/11.0.2 Safari/604.4.7"
153.146.195.3 - - [23/Jan/2018:09:13:13 +0000] "GET /index.php/contactos HTTP/1.1" 200 12225 "http://www.cert.rcts.pt/" "Mozilla/5.0 (Macintosh; Intel Mac OS X 10_13_2) AppleWebKit/604.4.7 (KHTML, like Gecko) Version/11.0.2 Safari/604.4.7"
153.146.195.3 - - [23/Jan/2018:09:13:13 +0000] "GET /templates/beez_20/images/nature/header11.jpg HTTP/1.1" 404 324 "http://www.cert.rcts.pt/index.php/contactos" "Mozilla/5.0 (Macintosh; Intel Mac OS X 10_13_2) AppleWebKit/604.4.7 (KHTML, like Gecko) Version/11.0.2 Safari/604.4.7"
153.146.195.3 - - [23/Jan/2018:09:13:13 +0000] "GET /templates/beez_20/images/system/arrow.png HTTP/1.1" 200 159 "http://www.cert.rcts.pt/index.php/contactos" "Mozilla/5.0 (Macintosh; Intel Mac OS X 10_13_2) AppleWebKit/604.4.7 (KHTML, like Gecko) Version/11.0.2 Safari/604.4.7"
153.146.195.3 - - [23/Jan/2018:09:13:25 +0000] "GET /index.php/ferramentas HTTP/1.1" 200 13014 "http://www.cert.rcts.pt/index.php/contactos" "Mozilla/5.0 (Macintosh; Intel Mac OS X 10_13_2) AppleWebKit/604.4.7 (KHTML, like Gecko) Version/11.0.2 Safari/604.4.7"
153.146.195.3 - - [23/Jan/2018:09:13:26 +0000] "GET /templates/beez_20/images/nature/header11.jpg HTTP/1.1" 404 324 "http://www.cert.rcts.pt/index.php/ferramentas" "Mozilla/5.0 (Macintosh; Intel Mac OS X 10_13_2) AppleWebKit/604.4.7 (KHTML, like Gecko) Version/11.0.2 Safari/604.4.7"
185.105.48.2 - - [23/Jan/2018:09:14:18 +0000] "GET / HTTP/1.1" 200 13833 "-" "check_http/v2.2.1 (gurustuff-plugins 2.1)"
185.105.48.2 - - [23/Jan/2018:09:19:18 +0000] "GET / HTTP/1.1" 200 13833 "-" "check_http/v2.2.1 (gurustuff-plugins 2.1)"
185.105.48.2 - - [23/Jan/2018:09:24:18 +0000] "GET / HTTP/1.1" 200 13833 "-" "check_http/v2.2.1 (gurustuff-plugins 2.1)"
81.90.60.205 - - [23/Jan/2018:11:16:20 +0000] "GET /robots.txt HTTP/1.1" 200 865 "-" "Mozilla/5.0 (X11; Fedora; Linux x86_64; rv:57.0) Gecko/20100101 Firefox/57.0"
81.90.60.205 - - [23/Jan/2018:11:16:20 +0000] "GET /index.php/contactos HTTP/1.1" 200 12319 "https://www.google.pt/" "Mozilla/5.0 (X11; Fedora; Linux x86_64; rv:57.0) Gecko/20100101 Firefox/57.0"
81.90.60.205 - - [23/Jan/2018:11:16:21 +0000] "GET /plugins/content/attachments/attachments1.css HTTP/1.1" 200 77 "http://www.cert.rcts.pt/index.php/contactos" "Mozilla/5.0 (X11; Fedora; Linux x86_64; rv:57.0) Gecko/20100101 Firefox/57.0"
81.90.60.205 - - [23/Jan/2018:11:16:21 +0000] "GET /plugins/content/attachments/attachments.css HTTP/1.1" 200 6226 "http://www.cert.rcts.pt/index.php/contactos" "Mozilla/5.0 (X11; Fedora; Linux x86_64; rv:57.0) Gecko/20100101 Firefox/57.0"
81.90.60.205 - - [23/Jan/2018:11:16:21 +0000] "GET /templates/system/css/system.css HTTP/1.1" 200 896 "http://www.cert.rcts.pt/index.php/contactos" "Mozilla/5.0 (X11; Fedora; Linux x86_64; rv:57.0) Gecko/20100101 Firefox/57.0"
81.90.60.205 - - [23/Jan/2018:11:16:21 +0000] "GET /templates/beez_20/css/position.css HTTP/1.1" 200 6277 "http://www.cert.rcts.pt/index.php/contactos" "Mozilla/5.0 (X11; Fedora; Linux x86_64; rv:57.0) Gecko/20100101 Firefox/57.0"
81.90.60.205 - - [23/Jan/2018:11:16:21 +0000] "GET /templates/beez_20/css/layout.css HTTP/1.1" 200 30158 "http://www.cert.rcts.pt/index.php/contactos" "Mozilla/5.0 (X11; Fedora; Linux x86_64; rv:57.0) Gecko/20100101 Firefox/57.0"
81.90.60.205 - - [23/Jan/2018:11:16:21 +0000] "GET /templates/beez_20/css/print.css HTTP/1.1" 200 5174 "http://www.cert.rcts.pt/index.php/contactos" "Mozilla/5.0 (X11; Fedora; Linux x86_64; rv:57.0) Gecko/20100101 Firefox/57.0"
81.90.60.205 - - [23/Jan/2018:11:16:21 +0000] "GET /templates/beez_20/css/general.css HTTP/1.1" 200 4143 "http://www.cert.rcts.pt/index.php/contactos" "Mozilla/5.0 (X11; Fedora; Linux x86_64; rv:57.0) Gecko/20100101 Firefox/57.0"
81.90.60.205 - - [23/Jan/2018:11:16:21 +0000] "GET /templates/beez_20/css/general_mozilla.css HTTP/1.1" 200 200 "http://www.cert.rcts.pt/index.php/contactos" "Mozilla/5.0 (X11; Fedora; Linux x86_64; rv:57.0) Gecko/20100101 Firefox/57.0"
81.90.60.205 - - [23/Jan/2018:11:16:21 +0000] "GET /templates/beez_20/css/nature.css HTTP/1.1" 200 19417 "http://www.cert.rcts.pt/index.php/contactos" "Mozilla/5.0 (X11; Fedora; Linux x86_64; rv:57.0) Gecko/20100101 Firefox/57.0"
81.90.60.205 - - [23/Jan/2018:11:16:21 +0000] "GET /media/system/js/core.js HTTP/1.1" 200 4784 "http://www.cert.rcts.pt/index.php/contactos" "Mozilla/5.0 (X11; Fedora; Linux x86_64; rv:57.0) Gecko/20100101 Firefox/57.0"
81.90.60.205 - - [23/Jan/2018:11:16:21 +0000] "GET /media/system/js/mootools-core.js HTTP/1.1" 200 96362 "http://www.cert.rcts.pt/index.php/contactos" "Mozilla/5.0 (X11; Fedora; Linux x86_64; rv:57.0) Gecko/20100101 Firefox/57.0"
81.90.60.205 - - [23/Jan/2018:11:16:21 +0000] "GET /media/system/js/caption.js HTTP/1.1" 200 729 "http://www.cert.rcts.pt/index.php/contactos" "Mozilla/5.0 (X11; Fedora; Linux x86_64; rv:57.0) Gecko/20100101 Firefox/57.0"
81.90.60.205 - - [23/Jan/2018:11:16:21 +0000] "GET /plugins/content/attachments/attachments_refresh.js HTTP/1.1" 200 1835 "http://www.cert.rcts.pt/index.php/contactos" "Mozilla/5.0 (X11; Fedora; Linux x86_64; rv:57.0) Gecko/20100101 Firefox/57.0"
81.90.60.205 - - [23/Jan/2018:11:16:21 +0000] "GET /templates/beez_20/javascript/md_stylechanger.js HTTP/1.1" 200 2104 "http://www.cert.rcts.pt/index.php/contactos" "Mozilla/5.0 (X11; Fedora; Linux x86_64; rv:57.0) Gecko/20100101 Firefox/57.0"
81.90.60.205 - - [23/Jan/2018:11:16:21 +0000] "GET /templates/beez_20/javascript/hide.js HTTP/1.1" 200 8145 "http://www.cert.rcts.pt/index.php/contactos" "Mozilla/5.0 (X11; Fedora; Linux x86_64; rv:57.0) Gecko/20100101 Firefox/57.0"
81.90.60.205 - - [23/Jan/2018:11:16:21 +0000] "GET /media/system/js/mootools-more.js HTTP/1.1" 200 238331 "http://www.cert.rcts.pt/index.php/contactos" "Mozilla/5.0 (X11; Fedora; Linux x86_64; rv:57.0) Gecko/20100101 Firefox/57.0"
81.90.60.205 - - [23/Jan/2018:11:16:21 +0000] "GET /images/cert_rcts_cor-1.png HTTP/1.1" 200 27466 "http://www.cert.rcts.pt/index.php/contactos" "Mozilla/5.0 (X11; Fedora; Linux x86_64; rv:57.0) Gecko/20100101 Firefox/57.0"
81.90.60.205 - - [23/Jan/2018:11:16:21 +0000] "GET /images/TI-Certified_120x120.jpg HTTP/1.1" 200 7510 "http://www.cert.rcts.pt/index.php/contactos" "Mozilla/5.0 (X11; Fedora; Linux x86_64; rv:57.0) Gecko/20100101 Firefox/57.0"
81.90.60.205 - - [23/Jan/2018:11:16:21 +0000] "GET /templates/beez_20/images/system/arrow.png HTTP/1.1" 200 159 "http://www.cert.rcts.pt/index.php/contactos" "Mozilla/5.0 (X11; Fedora; Linux x86_64; rv:57.0) Gecko/20100101 Firefox/57.0"
81.90.60.205 - - [23/Jan/2018:11:16:21 +0000] "GET /images/first-logo-home.png HTTP/1.1" 200 2290 "http://www.cert.rcts.pt/index.php/contactos" "Mozilla/5.0 (X11; Fedora; Linux x86_64; rv:57.0) Gecko/20100101 Firefox/57.0"
81.90.60.205 - - [23/Jan/2018:11:16:21 +0000] "GET /images/membrorede.jpg HTTP/1.1" 200 13448 "http://www.cert.rcts.pt/index.php/contactos" "Mozilla/5.0 (X11; Fedora; Linux x86_64; rv:57.0) Gecko/20100101 Firefox/57.0"
81.90.60.205 - - [23/Jan/2018:11:16:21 +0000] "GET /media/system/images/printButton.png HTTP/1.1" 200 228 "http://www.cert.rcts.pt/index.php/contactos" "Mozilla/5.0 (X11; Fedora; Linux x86_64; rv:57.0) Gecko/20100101 Firefox/57.0"
81.90.60.205 - - [23/Jan/2018:11:16:21 +0000] "GET /images/logo_republica_portuguesa_CTES.png HTTP/1.1" 200 9236 "http://www.cert.rcts.pt/index.php/contactos" "Mozilla/5.0 (X11; Fedora; Linux x86_64; rv:57.0) Gecko/20100101 Firefox/57.0"
81.90.60.205 - - [23/Jan/2018:11:16:21 +0000] "GET /images/logo-fccn_201701.png HTTP/1.1" 200 10121 "http://www.cert.rcts.pt/index.php/contactos" "Mozilla/5.0 (X11; Fedora; Linux x86_64; rv:57.0) Gecko/20100101 Firefox/57.0"
81.90.60.205 - - [23/Jan/2018:11:16:21 +0000] "GET /media/system/css/system.css HTTP/1.1" 200 1446 "http://www.cert.rcts.pt/templates/system/css/system.css" "Mozilla/5.0 (X11; Fedora; Linux x86_64; rv:57.0) Gecko/20100101 Firefox/57.0"
185.105.48.2 - - [23/Jan/2018:11:19:18 +0000] "GET / HTTP/1.1" 200 13833 "-" "check_http/v2.2.1 (gurustuff-plugins 2.1)"
185.105.48.2 - - [23/Jan/2018:11:24:18 +0000] "GET / HTTP/1.1" 200 13833 "-" "check_http/v2.2.1 (gurustuff-plugins 2.1)"
185.105.48.2 - - [23/Jan/2018:11:29:18 +0000] "GET / HTTP/1.1" 200 13833 "-" "check_http/v2.2.1 (gurustuff-plugins 2.1)"
216.244.66.196 - - [23/Jan/2018:11:33:32 +0000] "GET /robots.txt HTTP/1.1" 200 865 "-" "Mozilla/5.0 (compatible; DotBot/1.1; http://www.opensiteexplorer.org/dotbot, help@moz.com)"
185.105.48.2 - - [23/Jan/2018:11:34:18 +0000] "GET / HTTP/1.1" 200 13833 "-" "check_http/v2.2.1 (gurustuff-plugins 2.1)"
185.105.48.2 - - [23/Jan/2018:11:39:18 +0000] "GET / HTTP/1.1" 200 13833 "-" "check_http/v2.2.1 (gurustuff-plugins 2.1)"
66.249.65.145 - - [23/Jan/2018:11:44:03 +0000] "GET /robots.txt HTTP/1.1" 200 865 "-" "Mozilla/5.0 (compatible; Googlebot/2.1; +http://www.google.com/bot.html)"
66.249.65.145 - - [23/Jan/2018:11:44:04 +0000] "GET /index.php/rede-nacional-csirt/objectivos HTTP/1.1" 404 5852 "-" "Mozilla/5.0 (compatible; Googlebot/2.1; +http://www.google.com/bot.html)"
185.105.48.2 - - [23/Jan/2018:11:44:18 +0000] "GET / HTTP/1.1" 200 13833 "-" "check_http/v2.2.1 (gurustuff-plugins 2.1)"
185.105.48.2 - - [23/Jan/2018:11:49:18 +0000] "GET / HTTP/1.1" 200 13833 "-" "check_http/v2.2.1 (gurustuff-plugins 2.1)"
216.244.66.196 - - [23/Jan/2018:11:33:32 +0000] "GET /robots.txt HTTP/1.1" 200 865 "-" "Mozilla/5.0 (compatible; DotBot/1.1; http://www.opensiteexplorer.org/dotbot, help@moz.com)"
185.105.48.2 - - [23/Jan/2018:11:34:18 +0000] "GET / HTTP/1.1" 200 13833 "-" "check_http/v2.2.1 (gurustuff-plugins 2.1)"
185.105.48.2 - - [23/Jan/2018:11:39:18 +0000] "GET / HTTP/1.1" 200 13833 "-" "check_http/v2.2.1 (gurustuff-plugins 2.1)"
66.249.65.145 - - [23/Jan/2018:11:44:03 +0000] "GET /robots.txt HTTP/1.1" 200 865 "-" "Mozilla/5.0 (compatible; Googlebot/2.1; +http://www.google.com/bot.html)"
66.249.65.145 - - [23/Jan/2018:11:44:04 +0000] "GET /index.php/rede-nacional-csirt/objectivos HTTP/1.1" 404 5852 "-" "Mozilla/5.0 (compatible; Googlebot/2.1; +http://www.google.com/bot.html)"
185.105.48.2 - - [23/Jan/2018:11:44:18 +0000] "GET / HTTP/1.1" 200 13833 "-" "check_http/v2.2.1 (gurustuff-plugins 2.1)"
185.105.48.2 - - [23/Jan/2018:11:49:18 +0000] "GET / HTTP/1.1" 200 13833 "-" "check_http/v2.2.1 (gurustuff-plugins 2.1)"
123.130.1.102 - - [23/Jan/2018:11:50:19 +0000] "GET /images/docs/medidas_de_controlo_de_incidentes_de_seguranca_informatica_v5.1.pdf HTTP/1.1" 200 523221 "-" "Mozilla/5.0 (Windows NT 10.0; Win64; x64) AppleWebKit/537.36 (KHTML, like Gecko) Chrome/63.0.3239.132 Safari/537.36 OPR/50.0.2762.58"
123.130.1.102 - - [23/Jan/2018:11:50:20 +0000] "GET /favicon.ico HTTP/1.1" 404 291 "http://www.cert.rcts.pt/images/docs/medidas_de_controlo_de_incidentes_de_seguranca_informatica_v5.1.pdf" "Mozilla/5.0 (Windows NT 10.0; Win64; x64) AppleWebKit/537.36 (KHTML, like Gecko) Chrome/63.0.3239.132 Safari/537.36 OPR/50.0.2762.58"
185.105.48.2 - - [23/Jan/2018:11:54:18 +0000] "GET / HTTP/1.1" 200 13833 "-" "check_http/v2.2.1 (gurustuff-plugins 2.1)"
185.105.48.2 - - [23/Jan/2018:11:59:18 +0000] "GET / HTTP/1.1" 200 13833 "-" "check_http/v2.2.1 (gurustuff-plugins 2.1)"
185.105.48.2 - - [23/Jan/2018:12:04:18 +0000] "GET / HTTP/1.1" 200 13833 "-" "check_http/v2.2.1 (gurustuff-plugins 2.1)"
66.249.73.24 - - [23/Jan/2018:12:04:43 +0000] "GET /index.php/servicos/formacao HTTP/1.1" 404 5970 "-" "Mozilla/5.0 (compatible; Googlebot/2.1; +http://www.google.com/bot.html)"
185.105.48.2 - - [23/Jan/2018:12:09:18 +0000] "GET / HTTP/1.1" 200 13833 "-" "check_http/v2.2.1 (gurustuff-plugins 2.1)"
185.105.48.2 - - [23/Jan/2018:12:14:18 +0000] "GET / HTTP/1.1" 200 13833 "-" "check_http/v2.2.1 (gurustuff-plugins 2.1)"
54.36.149.71 - - [23/Jan/2018:12:19:04 +0000] "GET /index.php/contactos?tmpl=component&print=1&page= HTTP/1.1" 200 6245 "-" "Mozilla/5.0 (compatible; AhrefsBot/5.2; +http://ahrefs.com/robot/)"
216.244.66.248 - - [23/Jan/2018:12:19:07 +0000] "GET /robots.txt HTTP/1.1" 200 865 "-" "Mozilla/5.0 (compatible; DotBot/1.1; http://www.opensiteexplorer.org/dotbot, help@moz.com)"
185.105.48.2 - - [23/Jan/2018:12:19:18 +0000] "GET / HTTP/1.1" 200 13833 "-" "check_http/v2.2.1 (gurustuff-plugins 2.1)"
185.105.48.2 - - [23/Jan/2018:12:24:18 +0000] "GET / HTTP/1.1" 200 13833 "-" "check_http/v2.2.1 (gurustuff-plugins 2.1)"
185.105.48.2 - - [23/Jan/2018:12:29:18 +0000] "GET / HTTP/1.1" 200 13833 "-" "check_http/v2.2.1 (gurustuff-plugins 2.1)"
185.105.48.2 - - [23/Jan/2018:12:34:18 +0000] "GET / HTTP/1.1" 200 13833 "-" "check_http/v2.2.1 (gurustuff-plugins 2.1)"
35.226.23.240 - - [23/Jan/2018:12:38:19 +0000] "GET /robots.txt HTTP/1.1" 200 865 "-" "ltx71 - (http://ltx71.com/)"
185.105.48.2 - - [23/Jan/2018:12:39:18 +0000] "GET / HTTP/1.1" 200 13833 "-" "check_http/v2.2.1 (gurustuff-plugins 2.1)"
194.187.170.103 - - [23/Jan/2018:12:40:31 +0000] "GET /robots.txt HTTP/1.1" 200 865 "-" "Mozilla/5.0 (compatible; Qwantify/2.4w; +https://www.qwant.com/)/2.4w"
194.187.170.103 - - [23/Jan/2018:12:40:31 +0000] "GET /index.php/rede-nacional-csirt/objectivos HTTP/1.1" 404 5852 "-" "Mozilla/5.0 (compatible; Qwantify/2.4w; +https://www.qwant.com/)/2.4w"
185.105.48.2 - - [23/Jan/2018:12:44:18 +0000] "GET / HTTP/1.1" 200 13833 "-" "check_http/v2.2.1 (gurustuff-plugins 2.1)"
185.105.48.7 - - [23/Jan/2018:12:48:01 +0000] "GET / HTTP/1.1" 200 13833 "-" "check_http/v2.2.1 (gurustuff-plugins 2.1)"
185.105.48.2 - - [23/Jan/2018:12:49:18 +0000] "GET / HTTP/1.1" 200 13833 "-" "check_http/v2.2.1 (gurustuff-plugins 2.1)"
185.105.48.2 - - [23/Jan/2018:12:54:18 +0000] "GET / HTTP/1.1" 200 13833 "-" "check_http/v2.2.1 (gurustuff-plugins 2.1)"
216.244.66.248 - - [23/Jan/2018:13:15:51 +0000] "GET /index.php/rede-nacional-csirt?tmpl=component&print=1&page= HTTP/1.1" 200 3780 "-" "Mozilla/5.0 (compatible; DotBot/1.1; http://www.opensiteexplorer.org/dotbot, help@moz.com)"
35.226.23.240 - - [23/Jan/2018:13:16:20 +0000] "GET /robots.txt HTTP/1.1" 200 865 "-" "ltx71 - (http://ltx71.com/)"
185.105.48.2 - - [23/Jan/2018:13:19:18 +0000] "GET / HTTP/1.1" 200 13833 "-" "check_http/v2.2.1 (gurustuff-plugins 2.1)"
185.105.48.2 - - [23/Jan/2018:13:24:18 +0000] "GET / HTTP/1.1" 200 13833 "-" "check_http/v2.2.1 (gurustuff-plugins 2.1)"
150.217.251.65 - - [23/Jan/2018:13:28:28 +0000] "GET / HTTP/1.1" 200 13927 "-" "Mozilla/5.0 (Windows NT 10.0; Win64; x64; rv:57.0) Gecko/20100101 Firefox/57.0"
150.217.251.65 - - [23/Jan/2018:13:28:29 +0000] "GET /plugins/content/attachments/attachments1.css HTTP/1.1" 200 77 "http://www.cert.rcts.pt/" "Mozilla/5.0 (Windows NT 10.0; Win64; x64; rv:57.0) Gecko/20100101 Firefox/57.0"
150.217.251.65 - - [23/Jan/2018:13:28:29 +0000] "GET /plugins/content/attachments/attachments.css HTTP/1.1" 200 6226 "http://www.cert.rcts.pt/" "Mozilla/5.0 (Windows NT 10.0; Win64; x64; rv:57.0) Gecko/20100101 Firefox/57.0"
150.217.251.65 - - [23/Jan/2018:13:28:29 +0000] "GET /templates/system/css/system.css HTTP/1.1" 200 896 "http://www.cert.rcts.pt/" "Mozilla/5.0 (Windows NT 10.0; Win64; x64; rv:57.0) Gecko/20100101 Firefox/57.0"
150.217.251.65 - - [23/Jan/2018:13:28:29 +0000] "GET /templates/beez_20/css/position.css HTTP/1.1" 200 6277 "http://www.cert.rcts.pt/" "Mozilla/5.0 (Windows NT 10.0; Win64; x64; rv:57.0) Gecko/20100101 Firefox/57.0"
150.217.251.65 - - [23/Jan/2018:13:28:29 +0000] "GET /templates/beez_20/css/layout.css HTTP/1.1" 200 30158 "http://www.cert.rcts.pt/" "Mozilla/5.0 (Windows NT 10.0; Win64; x64; rv:57.0) Gecko/20100101 Firefox/57.0"
150.217.251.65 - - [23/Jan/2018:13:28:29 +0000] "GET /templates/beez_20/css/print.css HTTP/1.1" 200 5174 "http://www.cert.rcts.pt/" "Mozilla/5.0 (Windows NT 10.0; Win64; x64; rv:57.0) Gecko/20100101 Firefox/57.0"
150.217.251.65 - - [23/Jan/2018:13:28:29 +0000] "GET /templates/beez_20/favicon.ico HTTP/1.1" 200 32988 "-" "Mozilla/5.0 (Windows NT 10.0; Win64; x64; rv:57.0) Gecko/20100101 Firefox/57.0"
185.105.48.2 - - [23/Jan/2018:15:09:19 +0000] "GET / HTTP/1.1" 200 13833 "-" "check_http/v2.2.1 (gurustuff-plugins 2.1)"
153.146.44.70 - - [23/Jan/2018:15:10:29 +0000] "GET /wp-admin.php HTTP/1.1" 404 292 "-" "Mozilla/5.0 (Windows NT 10.0; Win64; x64; rv:57.0) Gecko/20100101 Firefox/57.0"
153.146.44.70 - - [23/Jan/2018:15:10:29 +0000] "GET /favicon.ico HTTP/1.1" 404 291 "-" "Mozilla/5.0 (Windows NT 10.0; Win64; x64; rv:57.0) Gecko/20100101 Firefox/57.0"
153.146.44.70 - - [23/Jan/2018:15:10:29 +0000] "GET /favicon.ico HTTP/1.1" 404 291 "-" "Mozilla/5.0 (Windows NT 10.0; Win64; x64; rv:57.0) Gecko/20100101 Firefox/57.0"
153.146.44.70 - - [23/Jan/2018:15:11:14 +0000] "GET / HTTP/1.1" 200 13927 "-" "Mozilla/5.0 (Windows NT 10.0; Win64; x64; rv:57.0) Gecko/20100101 Firefox/57.0"
153.146.44.70 - - [23/Jan/2018:15:11:15 +0000] "GET /plugins/content/attachments/attachments1.css HTTP/1.1" 200 77 "http://www.cert.rcts.pt/" "Mozilla/5.0 (Windows NT 10.0; Win64; x64; rv:57.0) Gecko/20100101 Firefox/57.0"
153.146.44.70 - - [23/Jan/2018:15:11:15 +0000] "GET /plugins/content/attachments/attachments.css HTTP/1.1" 200 6226 "http://www.cert.rcts.pt/" "Mozilla/5.0 (Windows NT 10.0; Win64; x64; rv:57.0) Gecko/20100101 Firefox/57.0"
153.146.44.70 - - [23/Jan/2018:15:11:15 +0000] "GET /templates/system/css/system.css HTTP/1.1" 200 896 "http://www.cert.rcts.pt/" "Mozilla/5.0 (Windows NT 10.0; Win64; x64; rv:57.0) Gecko/20100101 Firefox/57.0"
153.146.44.70 - - [23/Jan/2018:15:11:15 +0000] "GET /templates/beez_20/css/position.css HTTP/1.1" 200 6277 "http://www.cert.rcts.pt/" "Mozilla/5.0 (Windows NT 10.0; Win64; x64; rv:57.0) Gecko/20100101 Firefox/57.0"
153.146.44.70 - - [23/Jan/2018:15:11:15 +0000] "GET /templates/beez_20/css/layout.css HTTP/1.1" 200 30158 "http://www.cert.rcts.pt/" "Mozilla/5.0 (Windows NT 10.0; Win64; x64; rv:57.0) Gecko/20100101 Firefox/57.0"
153.146.44.70 - - [23/Jan/2018:15:11:15 +0000] "GET /templates/beez_20/css/print.css HTTP/1.1" 200 5174 "http://www.cert.rcts.pt/" "Mozilla/5.0 (Windows NT 10.0; Win64; x64; rv:57.0) Gecko/20100101 Firefox/57.0"
153.146.44.70 - - [23/Jan/2018:15:11:15 +0000] "GET /templates/beez_20/css/general.css HTTP/1.1" 200 4143 "http://www.cert.rcts.pt/" "Mozilla/5.0 (Windows NT 10.0; Win64; x64; rv:57.0) Gecko/20100101 Firefox/57.0"
153.146.44.70 - - [23/Jan/2018:15:11:15 +0000] "GET /templates/beez_20/css/general_mozilla.css HTTP/1.1" 200 200 "http://www.cert.rcts.pt/" "Mozilla/5.0 (Windows NT 10.0; Win64; x64; rv:57.0) Gecko/20100101 Firefox/57.0"
153.146.44.70 - - [23/Jan/2018:15:11:15 +0000] "GET /templates/beez_20/css/nature.css HTTP/1.1" 200 19417 "http://www.cert.rcts.pt/" "Mozilla/5.0 (Windows NT 10.0; Win64; x64; rv:57.0) Gecko/20100101 Firefox/57.0"
153.146.44.70 - - [23/Jan/2018:15:11:15 +0000] "GET /media/system/js/mootools-core.js HTTP/1.1" 200 96362 "http://www.cert.rcts.pt/" "Mozilla/5.0 (Windows NT 10.0; Win64; x64; rv:57.0) Gecko/20100101 Firefox/57.0"
153.146.44.70 - - [23/Jan/2018:15:11:15 +0000] "GET /media/system/js/core.js HTTP/1.1" 200 4784 "http://www.cert.rcts.pt/" "Mozilla/5.0 (Windows NT 10.0; Win64; x64; rv:57.0) Gecko/20100101 Firefox/57.0"
153.146.44.70 - - [23/Jan/2018:15:11:15 +0000] "GET /templates/beez_20/fonts/TitilliumMaps29L002.otf HTTP/1.1" 200 47984 "http://www.cert.rcts.pt/templates/beez_20/css/nature.css" "Mozilla/5.0 (Windows NT 10.0; Win64; x64; rv:57.0) Gecko/20100101 Firefox/57.0"
153.146.44.70 - - [23/Jan/2018:15:11:28 +0000] "GET / HTTP/1.1" 200 13927 "-" "Mozilla/5.0 (Windows NT 10.0; Win64; x64; rv:57.0) Gecko/20100101 Firefox/57.0"
153.146.44.70 - - [23/Jan/2018:15:11:29 +0000] "GET /templates/beez_20/images/nature/header11.jpg HTTP/1.1" 404 324 "http://www.cert.rcts.pt/templates/beez_20/css/nature.css" "Mozilla/5.0 (Windows NT 10.0; Win64; x64; rv:57.0) Gecko/20100101 Firefox/57.0